# serializer version: 1
# name: test_derivation_sweep[1LDSBuffer]
  dict({
    'gfx90a_HSS:0': dict({
      'DepthU': 32,
      'GlobalSplitU': 1,
      'LoopIters': 2,
      'MacroTile0': 32,
      'MacroTile1': 32,
      'NumThreads': 256,
      'PrefetchGlobalRead': 2,
      'Valid': True,
      'WavefrontSize': 64,
    }),
    'gfx90a_HSS:1': dict({
      'DepthU': 32,
      'GlobalSplitU': 1,
      'LoopIters': 2,
      'MacroTile0': 32,
      'MacroTile1': 32,
      'NumThreads': 256,
      'PrefetchGlobalRead': 2,
      'Valid': True,
      'WavefrontSize': 64,
    }),
    'gfx942_BBS:0': dict({
      'DepthU': 64,
      'GlobalSplitU': 1,
      'LoopIters': 4,
      'MacroTile0': 256,
      'MacroTile1': 96,
      'NumThreads': 256,
      'PrefetchGlobalRead': 2,
      'Valid': False,
      'WavefrontSize': 64,
    }),
    'gfx942_BBS:1': dict({
      'DepthU': 64,
      'GlobalSplitU': 1,
      'LoopIters': 4,
      'MacroTile0': 256,
      'MacroTile1': 96,
      'NumThreads': 256,
      'PrefetchGlobalRead': 2,
      'Valid': True,
      'WavefrontSize': 64,
    }),
    'gfx942_HSS:0': dict({
      'DepthU': 32,
      'GlobalSplitU': 1,
      'LoopIters': 2,
      'MacroTile0': 32,
      'MacroTile1': 32,
      'NumThreads': 256,
      'PrefetchGlobalRead': 2,
      'Valid': True,
      'WavefrontSize': 64,
    }),
    'gfx942_HSS:1': dict({
      'DepthU': 32,
      'GlobalSplitU': 1,
      'LoopIters': 2,
      'MacroTile0': 32,
      'MacroTile1': 32,
      'NumThreads': 256,
      'PrefetchGlobalRead': 2,
      'Valid': True,
      'WavefrontSize': 64,
    }),
    'gfx950_HHS:0': dict({
      'DepthU': 32,
      'GlobalSplitU': 1,
      'LoopIters': 2,
      'MacroTile0': 16,
      'MacroTile1': 16,
      'NumThreads': 64,
      'PrefetchGlobalRead': 2,
      'Valid': True,
      'WavefrontSize': 64,
    }),
    'gfx950_HHS:1': dict({
      'DepthU': 32,
      'GlobalSplitU': 1,
      'LoopIters': 2,
      'MacroTile0': 16,
      'MacroTile1': 16,
      'NumThreads': 64,
      'PrefetchGlobalRead': 2,
      'Valid': True,
      'WavefrontSize': 64,
    }),
  })
# ---
# name: test_derivation_sweep[AssertFree0ElementMultiple]
  dict({
    'gfx90a_HSS:1': dict({
      'DepthU': 32,
      'GlobalSplitU': 1,
      'LoopIters': 2,
      'MacroTile0': 32,
      'MacroTile1': 32,
      'NumThreads': 256,
      'PrefetchGlobalRead': 2,
      'Valid': True,
      'WavefrontSize': 64,
    }),
    'gfx90a_HSS:2': dict({
      'DepthU': 32,
      'GlobalSplitU': 1,
      'LoopIters': 2,
      'MacroTile0': 32,
      'MacroTile1': 32,
      'NumThreads': 256,
      'PrefetchGlobalRead': 2,
      'Valid': True,
      'WavefrontSize': 64,
    }),
    'gfx90a_HSS:8': dict({
      'DepthU': 32,
      'GlobalSplitU': 1,
      'LoopIters': 2,
      'MacroTile0': 32,
      'MacroTile1': 32,
      'NumThreads': 256,
      'PrefetchGlobalRead': 2,
      'Valid': True,
      'WavefrontSize': 64,
    }),
    'gfx942_BBS:1': dict({
      'DepthU': 64,
      'GlobalSplitU': 1,
      'LoopIters': 4,
      'MacroTile0': 256,
      'MacroTile1': 96,
      'NumThreads': 256,
      'PrefetchGlobalRead': 2,
      'Valid': True,
      'WavefrontSize': 64,
    }),
    'gfx942_BBS:2': dict({
      'DepthU': 64,
      'GlobalSplitU': 1,
      'LoopIters': 4,
      'MacroTile0': 256,
      'MacroTile1': 96,
      'NumThreads': 256,
      'PrefetchGlobalRead': 2,
      'Valid': True,
      'WavefrontSize': 64,
    }),
    'gfx942_BBS:8': dict({
      'DepthU': 64,
      'GlobalSplitU': 1,
      'LoopIters': 4,
      'MacroTile0': 256,
      'MacroTile1': 96,
      'NumThreads': 256,
      'PrefetchGlobalRead': 2,
      'Valid': True,
      'WavefrontSize': 64,
    }),
    'gfx942_HSS:1': dict({
      'DepthU': 32,
      'GlobalSplitU': 1,
      'LoopIters': 2,
      'MacroTile0': 32,
      'MacroTile1': 32,
      'NumThreads': 256,
      'PrefetchGlobalRead': 2,
      'Valid': True,
      'WavefrontSize': 64,
    }),
    'gfx942_HSS:2': dict({
      'DepthU': 32,
      'GlobalSplitU': 1,
      'LoopIters': 2,
      'MacroTile0': 32,
      'MacroTile1': 32,
      'NumThreads': 256,
      'PrefetchGlobalRead': 2,
      'Valid': True,
      'WavefrontSize': 64,
    }),
    'gfx942_HSS:8': dict({
      'DepthU': 32,
      'GlobalSplitU': 1,
      'LoopIters': 2,
      'MacroTile0': 32,
      'MacroTile1': 32,
      'NumThreads': 256,
      'PrefetchGlobalRead': 2,
      'Valid': True,
      'WavefrontSize': 64,
    }),
    'gfx950_HHS:1': dict({
      'DepthU': 32,
      'GlobalSplitU': 1,
      'LoopIters': 2,
      'MacroTile0': 16,
      'MacroTile1': 16,
      'NumThreads': 64,
      'PrefetchGlobalRead': 2,
      'Valid': True,
      'WavefrontSize': 64,
    }),
    'gfx950_HHS:2': dict({
      'DepthU': 32,
      'GlobalSplitU': 1,
      'LoopIters': 2,
      'MacroTile0': 16,
      'MacroTile1': 16,
      'NumThreads': 64,
      'PrefetchGlobalRead': 2,
      'Valid': True,
      'WavefrontSize': 64,
    }),
    'gfx950_HHS:8': dict({
      'DepthU': 32,
      'GlobalSplitU': 1,
      'LoopIters': 2,
      'MacroTile0': 16,
      'MacroTile1': 16,
      'NumThreads': 64,
      'PrefetchGlobalRead': 2,
      'Valid': True,
      'WavefrontSize': 64,
    }),
  })
# ---
# name: test_derivation_sweep[AssertSummationElementMultiple]
  dict({
    'gfx90a_HSS:1': dict({
      'DepthU': 32,
      'GlobalSplitU': 1,
      'LoopIters': 2,
      'MacroTile0': 32,
      'MacroTile1': 32,
      'NumThreads': 256,
      'PrefetchGlobalRead': 2,
      'Valid': True,
      'WavefrontSize': 64,
    }),
    'gfx90a_HSS:2': dict({
      'DepthU': 32,
      'GlobalSplitU': 1,
      'LoopIters': 2,
      'MacroTile0': 32,
      'MacroTile1': 32,
      'NumThreads': 256,
      'PrefetchGlobalRead': 2,
      'Valid': True,
      'WavefrontSize': 64,
    }),
    'gfx90a_HSS:8': dict({
      'DepthU': 32,
      'GlobalSplitU': 1,
      'LoopIters': 2,
      'MacroTile0': 32,
      'MacroTile1': 32,
      'NumThreads': 256,
      'PrefetchGlobalRead': 2,
      'Valid': True,
      'WavefrontSize': 64,
    }),
    'gfx942_BBS:1': dict({
      'DepthU': 64,
      'GlobalSplitU': 1,
      'LoopIters': 4,
      'MacroTile0': 256,
      'MacroTile1': 96,
      'NumThreads': 256,
      'PrefetchGlobalRead': 2,
      'Valid': True,
      'WavefrontSize': 64,
    }),
    'gfx942_BBS:2': dict({
      'DepthU': 64,
      'GlobalSplitU': 1,
      'LoopIters': 4,
      'MacroTile0': 256,
      'MacroTile1': 96,
      'NumThreads': 256,
      'PrefetchGlobalRead': 2,
      'Valid': True,
      'WavefrontSize': 64,
    }),
    'gfx942_BBS:8': dict({
      'DepthU': 64,
      'GlobalSplitU': 1,
      'LoopIters': 4,
      'MacroTile0': 256,
      'MacroTile1': 96,
      'NumThreads': 256,
      'PrefetchGlobalRead': 2,
      'Valid': True,
      'WavefrontSize': 64,
    }),
    'gfx942_HSS:1': dict({
      'DepthU': 32,
      'GlobalSplitU': 1,
      'LoopIters': 2,
      'MacroTile0': 32,
      'MacroTile1': 32,
      'NumThreads': 256,
      'PrefetchGlobalRead': 2,
      'Valid': True,
      'WavefrontSize': 64,
    }),
    'gfx942_HSS:2': dict({
      'DepthU': 32,
      'GlobalSplitU': 1,
      'LoopIters': 2,
      'MacroTile0': 32,
      'MacroTile1': 32,
      'NumThreads': 256,
      'PrefetchGlobalRead': 2,
      'Valid': True,
      'WavefrontSize': 64,
    }),
    'gfx942_HSS:8': dict({
      'DepthU': 32,
      'GlobalSplitU': 1,
      'LoopIters': 2,
      'MacroTile0': 32,
      'MacroTile1': 32,
      'NumThreads': 256,
      'PrefetchGlobalRead': 2,
      'Valid': True,
      'WavefrontSize': 64,
    }),
    'gfx950_HHS:1': dict({
      'DepthU': 32,
      'GlobalSplitU': 1,
      'LoopIters': 2,
      'MacroTile0': 16,
      'MacroTile1': 16,
      'NumThreads': 64,
      'PrefetchGlobalRead': 2,
      'Valid': True,
      'WavefrontSize': 64,
    }),
    'gfx950_HHS:2': dict({
      'DepthU': 32,
      'GlobalSplitU': 1,
      'LoopIters': 2,
      'MacroTile0': 16,
      'MacroTile1': 16,
      'NumThreads': 64,
      'PrefetchGlobalRead': 2,
      'Valid': True,
      'WavefrontSize': 64,
    }),
    'gfx950_HHS:8': dict({
      'DepthU': 32,
      'GlobalSplitU': 1,
      'LoopIters': 2,
      'MacroTile0': 16,
      'MacroTile1': 16,
      'NumThreads': 64,
      'PrefetchGlobalRead': 2,
      'Valid': True,
      'WavefrontSize': 64,
    }),
  })
# ---
# name: test_derivation_sweep[DepthU]
  dict({
    'gfx90a_HSS:16': dict({
      'DepthU': 16,
      'GlobalSplitU': 1,
      'LoopIters': 1,
      'MacroTile0': 32,
      'MacroTile1': 32,
      'NumThreads': 256,
      'PrefetchGlobalRead': 2,
      'Valid': True,
      'WavefrontSize': 64,
    }),
    'gfx90a_HSS:32': dict({
      'DepthU': 32,
      'GlobalSplitU': 1,
      'LoopIters': 2,
      'MacroTile0': 32,
      'MacroTile1': 32,
      'NumThreads': 256,
      'PrefetchGlobalRead': 2,
      'Valid': True,
      'WavefrontSize': 64,
    }),
    'gfx90a_HSS:64': dict({
      'DepthU': 64,
      'GlobalSplitU': 1,
      'LoopIters': 4,
      'MacroTile0': 32,
      'MacroTile1': 32,
      'NumThreads': 256,
      'PrefetchGlobalRead': 2,
      'Valid': True,
      'WavefrontSize': 64,
    }),
    'gfx942_BBS:16': dict({
      'DepthU': 16,
      'GlobalSplitU': 1,
      'LoopIters': 4,
      'MacroTile0': 256,
      'MacroTile1': 96,
      'NumThreads': 256,
      'PrefetchGlobalRead': 2,
      'Valid': False,
      'WavefrontSize': 64,
    }),
    'gfx942_BBS:32': dict({
      'DepthU': 32,
      'GlobalSplitU': 1,
      'LoopIters': 4,
      'MacroTile0': 256,
      'MacroTile1': 96,
      'NumThreads': 256,
      'PrefetchGlobalRead': 2,
      'Valid': False,
      'WavefrontSize': 64,
    }),
    'gfx942_BBS:64': dict({
      'DepthU': 64,
      'GlobalSplitU': 1,
      'LoopIters': 4,
      'MacroTile0': 256,
      'MacroTile1': 96,
      'NumThreads': 256,
      'PrefetchGlobalRead': 2,
      'Valid': True,
      'WavefrontSize': 64,
    }),
    'gfx942_HSS:16': dict({
      'DepthU': 16,
      'GlobalSplitU': 1,
      'LoopIters': 1,
      'MacroTile0': 32,
      'MacroTile1': 32,
      'NumThreads': 256,
      'PrefetchGlobalRead': 2,
      'Valid': True,
      'WavefrontSize': 64,
    }),
    'gfx942_HSS:32': dict({
      'DepthU': 32,
      'GlobalSplitU': 1,
      'LoopIters': 2,
      'MacroTile0': 32,
      'MacroTile1': 32,
      'NumThreads': 256,
      'PrefetchGlobalRead': 2,
      'Valid': True,
      'WavefrontSize': 64,
    }),
    'gfx942_HSS:64': dict({
      'DepthU': 64,
      'GlobalSplitU': 1,
      'LoopIters': 4,
      'MacroTile0': 32,
      'MacroTile1': 32,
      'NumThreads': 256,
      'PrefetchGlobalRead': 2,
      'Valid': True,
      'WavefrontSize': 64,
    }),
    'gfx950_HHS:16': dict({
      'DepthU': 16,
      'GlobalSplitU': 1,
      'LoopIters': 1,
      'MacroTile0': 16,
      'MacroTile1': 16,
      'NumThreads': 64,
      'PrefetchGlobalRead': 2,
      'Valid': True,
      'WavefrontSize': 64,
    }),
    'gfx950_HHS:32': dict({
      'DepthU': 32,
      'GlobalSplitU': 1,
      'LoopIters': 2,
      'MacroTile0': 16,
      'MacroTile1': 16,
      'NumThreads': 64,
      'PrefetchGlobalRead': 2,
      'Valid': True,
      'WavefrontSize': 64,
    }),
    'gfx950_HHS:64': dict({
      'DepthU': 64,
      'GlobalSplitU': 1,
      'LoopIters': 4,
      'MacroTile0': 16,
      'MacroTile1': 16,
      'NumThreads': 64,
      'PrefetchGlobalRead': 2,
      'Valid': True,
      'WavefrontSize': 64,
    }),
  })
# ---
# name: test_derivation_sweep[DirectToVgprA]
  dict({
    'gfx90a_HSS:False': dict({
      'DepthU': 32,
      'GlobalSplitU': 1,
      'LoopIters': 2,
      'MacroTile0': 32,
      'MacroTile1': 32,
      'NumThreads': 256,
      'PrefetchGlobalRead': 2,
      'Valid': True,
      'WavefrontSize': 64,
    }),
    'gfx90a_HSS:True': dict({
      'DepthU': 32,
      'GlobalSplitU': 1,
      'LoopIters': 2,
      'MacroTile0': 32,
      'MacroTile1': 32,
      'NumThreads': 256,
      'PrefetchGlobalRead': 2,
      'Valid': False,
      'WavefrontSize': 64,
    }),
    'gfx942_BBS:False': dict({
      'DepthU': 64,
      'GlobalSplitU': 1,
      'LoopIters': 4,
      'MacroTile0': 256,
      'MacroTile1': 96,
      'NumThreads': 256,
      'PrefetchGlobalRead': 2,
      'Valid': True,
      'WavefrontSize': 64,
    }),
    'gfx942_BBS:True': dict({
      'DepthU': 64,
      'GlobalSplitU': 1,
      'LoopIters': 4,
      'MacroTile0': 256,
      'MacroTile1': 96,
      'NumThreads': 256,
      'PrefetchGlobalRead': 2,
      'Valid': False,
      'WavefrontSize': 64,
    }),
    'gfx942_HSS:False': dict({
      'DepthU': 32,
      'GlobalSplitU': 1,
      'LoopIters': 2,
      'MacroTile0': 32,
      'MacroTile1': 32,
      'NumThreads': 256,
      'PrefetchGlobalRead': 2,
      'Valid': True,
      'WavefrontSize': 64,
    }),
    'gfx942_HSS:True': dict({
      'DepthU': 32,
      'GlobalSplitU': 1,
      'LoopIters': 2,
      'MacroTile0': 32,
      'MacroTile1': 32,
      'NumThreads': 256,
      'PrefetchGlobalRead': 2,
      'Valid': False,
      'WavefrontSize': 64,
    }),
    'gfx950_HHS:False': dict({
      'DepthU': 32,
      'GlobalSplitU': 1,
      'LoopIters': 2,
      'MacroTile0': 16,
      'MacroTile1': 16,
      'NumThreads': 64,
      'PrefetchGlobalRead': 2,
      'Valid': True,
      'WavefrontSize': 64,
    }),
    'gfx950_HHS:True': dict({
      'DepthU': 32,
      'GlobalSplitU': 1,
      'LoopIters': 2,
      'MacroTile0': 16,
      'MacroTile1': 16,
      'NumThreads': 64,
      'PrefetchGlobalRead': 2,
      'Valid': False,
      'WavefrontSize': 64,
    }),
  })
# ---
# name: test_derivation_sweep[DirectToVgprB]
  dict({
    'gfx90a_HSS:False': dict({
      'DepthU': 32,
      'GlobalSplitU': 1,
      'LoopIters': 2,
      'MacroTile0': 32,
      'MacroTile1': 32,
      'NumThreads': 256,
      'PrefetchGlobalRead': 2,
      'Valid': True,
      'WavefrontSize': 64,
    }),
    'gfx90a_HSS:True': dict({
      'DepthU': 32,
      'GlobalSplitU': 1,
      'LoopIters': 2,
      'MacroTile0': 32,
      'MacroTile1': 32,
      'NumThreads': 256,
      'PrefetchGlobalRead': 2,
      'Valid': False,
      'WavefrontSize': 64,
    }),
    'gfx942_BBS:False': dict({
      'DepthU': 64,
      'GlobalSplitU': 1,
      'LoopIters': 4,
      'MacroTile0': 256,
      'MacroTile1': 96,
      'NumThreads': 256,
      'PrefetchGlobalRead': 2,
      'Valid': True,
      'WavefrontSize': 64,
    }),
    'gfx942_BBS:True': dict({
      'DepthU': 64,
      'GlobalSplitU': 1,
      'LoopIters': 4,
      'MacroTile0': 256,
      'MacroTile1': 96,
      'NumThreads': 256,
      'PrefetchGlobalRead': 2,
      'Valid': True,
      'WavefrontSize': 64,
    }),
    'gfx942_HSS:False': dict({
      'DepthU': 32,
      'GlobalSplitU': 1,
      'LoopIters': 2,
      'MacroTile0': 32,
      'MacroTile1': 32,
      'NumThreads': 256,
      'PrefetchGlobalRead': 2,
      'Valid': True,
      'WavefrontSize': 64,
    }),
    'gfx942_HSS:True': dict({
      'DepthU': 32,
      'GlobalSplitU': 1,
      'LoopIters': 2,
      'MacroTile0': 32,
      'MacroTile1': 32,
      'NumThreads': 256,
      'PrefetchGlobalRead': 2,
      'Valid': False,
      'WavefrontSize': 64,
    }),
    'gfx950_HHS:False': dict({
      'DepthU': 32,
      'GlobalSplitU': 1,
      'LoopIters': 2,
      'MacroTile0': 16,
      'MacroTile1': 16,
      'NumThreads': 64,
      'PrefetchGlobalRead': 2,
      'Valid': True,
      'WavefrontSize': 64,
    }),
    'gfx950_HHS:True': dict({
      'DepthU': 32,
      'GlobalSplitU': 1,
      'LoopIters': 2,
      'MacroTile0': 16,
      'MacroTile1': 16,
      'NumThreads': 64,
      'PrefetchGlobalRead': 2,
      'Valid': False,
      'WavefrontSize': 64,
    }),
  })
# ---
# name: test_derivation_sweep[ExpandPointerSwap]
  dict({
    'gfx90a_HSS:False': dict({
      'DepthU': 32,
      'GlobalSplitU': 1,
      'LoopIters': 2,
      'MacroTile0': 32,
      'MacroTile1': 32,
      'NumThreads': 256,
      'PrefetchGlobalRead': 2,
      'Valid': True,
      'WavefrontSize': 64,
    }),
    'gfx90a_HSS:True': dict({
      'DepthU': 32,
      'GlobalSplitU': 1,
      'LoopIters': 2,
      'MacroTile0': 32,
      'MacroTile1': 32,
      'NumThreads': 256,
      'PrefetchGlobalRead': 2,
      'Valid': True,
      'WavefrontSize': 64,
    }),
    'gfx942_BBS:False': dict({
      'DepthU': 64,
      'GlobalSplitU': 1,
      'LoopIters': 4,
      'MacroTile0': 256,
      'MacroTile1': 96,
      'NumThreads': 256,
      'PrefetchGlobalRead': 2,
      'Valid': True,
      'WavefrontSize': 64,
    }),
    'gfx942_BBS:True': dict({
      'DepthU': 64,
      'GlobalSplitU': 1,
      'LoopIters': 4,
      'MacroTile0': 256,
      'MacroTile1': 96,
      'NumThreads': 256,
      'PrefetchGlobalRead': 2,
      'Valid': True,
      'WavefrontSize': 64,
    }),
    'gfx942_HSS:False': dict({
      'DepthU': 32,
      'GlobalSplitU': 1,
      'LoopIters': 2,
      'MacroTile0': 32,
      'MacroTile1': 32,
      'NumThreads': 256,
      'PrefetchGlobalRead': 2,
      'Valid': True,
      'WavefrontSize': 64,
    }),
    'gfx942_HSS:True': dict({
      'DepthU': 32,
      'GlobalSplitU': 1,
      'LoopIters': 2,
      'MacroTile0': 32,
      'MacroTile1': 32,
      'NumThreads': 256,
      'PrefetchGlobalRead': 2,
      'Valid': True,
      'WavefrontSize': 64,
    }),
    'gfx950_HHS:False': dict({
      'DepthU': 32,
      'GlobalSplitU': 1,
      'LoopIters': 2,
      'MacroTile0': 16,
      'MacroTile1': 16,
      'NumThreads': 64,
      'PrefetchGlobalRead': 2,
      'Valid': True,
      'WavefrontSize': 64,
    }),
    'gfx950_HHS:True': dict({
      'DepthU': 32,
      'GlobalSplitU': 1,
      'LoopIters': 2,
      'MacroTile0': 16,
      'MacroTile1': 16,
      'NumThreads': 64,
      'PrefetchGlobalRead': 2,
      'Valid': True,
      'WavefrontSize': 64,
    }),
  })
# ---
# name: test_derivation_sweep[GlobalSplitUAlgorithm]
  dict({
    'gfx90a_HSS:MultipleBuffer': dict({
      'DepthU': 32,
      'GlobalSplitU': 1,
      'LoopIters': 2,
      'MacroTile0': 32,
      'MacroTile1': 32,
      'NumThreads': 256,
      'PrefetchGlobalRead': 2,
      'Valid': True,
      'WavefrontSize': 64,
    }),
    'gfx90a_HSS:SingleBuffer': dict({
      'DepthU': 32,
      'GlobalSplitU': 1,
      'LoopIters': 2,
      'MacroTile0': 32,
      'MacroTile1': 32,
      'NumThreads': 256,
      'PrefetchGlobalRead': 2,
      'Valid': True,
      'WavefrontSize': 64,
    }),
    'gfx942_BBS:MultipleBuffer': dict({
      'DepthU': 64,
      'GlobalSplitU': 1,
      'LoopIters': 4,
      'MacroTile0': 256,
      'MacroTile1': 96,
      'NumThreads': 256,
      'PrefetchGlobalRead': 2,
      'Valid': True,
      'WavefrontSize': 64,
    }),
    'gfx942_BBS:SingleBuffer': dict({
      'DepthU': 64,
      'GlobalSplitU': 1,
      'LoopIters': 4,
      'MacroTile0': 256,
      'MacroTile1': 96,
      'NumThreads': 256,
      'PrefetchGlobalRead': 2,
      'Valid': True,
      'WavefrontSize': 64,
    }),
    'gfx942_HSS:MultipleBuffer': dict({
      'DepthU': 32,
      'GlobalSplitU': 1,
      'LoopIters': 2,
      'MacroTile0': 32,
      'MacroTile1': 32,
      'NumThreads': 256,
      'PrefetchGlobalRead': 2,
      'Valid': True,
      'WavefrontSize': 64,
    }),
    'gfx942_HSS:SingleBuffer': dict({
      'DepthU': 32,
      'GlobalSplitU': 1,
      'LoopIters': 2,
      'MacroTile0': 32,
      'MacroTile1': 32,
      'NumThreads': 256,
      'PrefetchGlobalRead': 2,
      'Valid': True,
      'WavefrontSize': 64,
    }),
    'gfx950_HHS:MultipleBuffer': dict({
      'DepthU': 32,
      'GlobalSplitU': 1,
      'LoopIters': 2,
      'MacroTile0': 16,
      'MacroTile1': 16,
      'NumThreads': 64,
      'PrefetchGlobalRead': 2,
      'Valid': True,
      'WavefrontSize': 64,
    }),
    'gfx950_HHS:SingleBuffer': dict({
      'DepthU': 32,
      'GlobalSplitU': 1,
      'LoopIters': 2,
      'MacroTile0': 16,
      'MacroTile1': 16,
      'NumThreads': 64,
      'PrefetchGlobalRead': 2,
      'Valid': False,
      'WavefrontSize': 64,
    }),
  })
# ---
# name: test_derivation_sweep[GlobalSplitU]
  dict({
    'gfx90a_HSS:1': dict({
      'DepthU': 32,
      'GlobalSplitU': 1,
      'LoopIters': 2,
      'MacroTile0': 32,
      'MacroTile1': 32,
      'NumThreads': 256,
      'PrefetchGlobalRead': 2,
      'Valid': True,
      'WavefrontSize': 64,
    }),
    'gfx90a_HSS:2': dict({
      'DepthU': 32,
      'GlobalSplitU': 2,
      'LoopIters': 2,
      'MacroTile0': 32,
      'MacroTile1': 32,
      'NumThreads': 256,
      'PrefetchGlobalRead': 2,
      'Valid': True,
      'WavefrontSize': 64,
    }),
    'gfx90a_HSS:4': dict({
      'DepthU': 32,
      'GlobalSplitU': 4,
      'LoopIters': 2,
      'MacroTile0': 32,
      'MacroTile1': 32,
      'NumThreads': 256,
      'PrefetchGlobalRead': 2,
      'Valid': True,
      'WavefrontSize': 64,
    }),
    'gfx942_BBS:1': dict({
      'DepthU': 64,
      'GlobalSplitU': 1,
      'LoopIters': 4,
      'MacroTile0': 256,
      'MacroTile1': 96,
      'NumThreads': 256,
      'PrefetchGlobalRead': 2,
      'Valid': True,
      'WavefrontSize': 64,
    }),
    'gfx942_BBS:2': dict({
      'DepthU': 64,
      'GlobalSplitU': 2,
      'LoopIters': 4,
      'MacroTile0': 256,
      'MacroTile1': 96,
      'NumThreads': 256,
      'PrefetchGlobalRead': 2,
      'Valid': True,
      'WavefrontSize': 64,
    }),
    'gfx942_BBS:4': dict({
      'DepthU': 64,
      'GlobalSplitU': 4,
      'LoopIters': 4,
      'MacroTile0': 256,
      'MacroTile1': 96,
      'NumThreads': 256,
      'PrefetchGlobalRead': 2,
      'Valid': True,
      'WavefrontSize': 64,
    }),
    'gfx942_HSS:1': dict({
      'DepthU': 32,
      'GlobalSplitU': 1,
      'LoopIters': 2,
      'MacroTile0': 32,
      'MacroTile1': 32,
      'NumThreads': 256,
      'PrefetchGlobalRead': 2,
      'Valid': True,
      'WavefrontSize': 64,
    }),
    'gfx942_HSS:2': dict({
      'DepthU': 32,
      'GlobalSplitU': 2,
      'LoopIters': 2,
      'MacroTile0': 32,
      'MacroTile1': 32,
      'NumThreads': 256,
      'PrefetchGlobalRead': 2,
      'Valid': True,
      'WavefrontSize': 64,
    }),
    'gfx942_HSS:4': dict({
      'DepthU': 32,
      'GlobalSplitU': 4,
      'LoopIters': 2,
      'MacroTile0': 32,
      'MacroTile1': 32,
      'NumThreads': 256,
      'PrefetchGlobalRead': 2,
      'Valid': True,
      'WavefrontSize': 64,
    }),
    'gfx950_HHS:1': dict({
      'DepthU': 32,
      'GlobalSplitU': 1,
      'LoopIters': 2,
      'MacroTile0': 16,
      'MacroTile1': 16,
      'NumThreads': 64,
      'PrefetchGlobalRead': 2,
      'Valid': True,
      'WavefrontSize': 64,
    }),
    'gfx950_HHS:2': dict({
      'DepthU': 32,
      'GlobalSplitU': 2,
      'LoopIters': 2,
      'MacroTile0': 16,
      'MacroTile1': 16,
      'NumThreads': 64,
      'PrefetchGlobalRead': 2,
      'Valid': True,
      'WavefrontSize': 64,
    }),
    'gfx950_HHS:4': dict({
      'DepthU': 32,
      'GlobalSplitU': 4,
      'LoopIters': 2,
      'MacroTile0': 16,
      'MacroTile1': 16,
      'NumThreads': 64,
      'PrefetchGlobalRead': 2,
      'Valid': True,
      'WavefrontSize': 64,
    }),
  })
# ---
# name: test_derivation_sweep[GroupLoadStore]
  dict({
    'gfx90a_HSS:False': dict({
      'DepthU': 32,
      'GlobalSplitU': 1,
      'LoopIters': 2,
      'MacroTile0': 32,
      'MacroTile1': 32,
      'NumThreads': 256,
      'PrefetchGlobalRead': 2,
      'Valid': True,
      'WavefrontSize': 64,
    }),
    'gfx90a_HSS:True': dict({
      'DepthU': 32,
      'GlobalSplitU': 1,
      'LoopIters': 2,
      'MacroTile0': 32,
      'MacroTile1': 32,
      'NumThreads': 256,
      'PrefetchGlobalRead': 2,
      'Valid': True,
      'WavefrontSize': 64,
    }),
    'gfx942_BBS:False': dict({
      'DepthU': 64,
      'GlobalSplitU': 1,
      'LoopIters': 4,
      'MacroTile0': 256,
      'MacroTile1': 96,
      'NumThreads': 256,
      'PrefetchGlobalRead': 2,
      'Valid': True,
      'WavefrontSize': 64,
    }),
    'gfx942_BBS:True': dict({
      'DepthU': 64,
      'GlobalSplitU': 1,
      'LoopIters': 4,
      'MacroTile0': 256,
      'MacroTile1': 96,
      'NumThreads': 256,
      'PrefetchGlobalRead': 2,
      'Valid': True,
      'WavefrontSize': 64,
    }),
    'gfx942_HSS:False': dict({
      'DepthU': 32,
      'GlobalSplitU': 1,
      'LoopIters': 2,
      'MacroTile0': 32,
      'MacroTile1': 32,
      'NumThreads': 256,
      'PrefetchGlobalRead': 2,
      'Valid': True,
      'WavefrontSize': 64,
    }),
    'gfx942_HSS:True': dict({
      'DepthU': 32,
      'GlobalSplitU': 1,
      'LoopIters': 2,
      'MacroTile0': 32,
      'MacroTile1': 32,
      'NumThreads': 256,
      'PrefetchGlobalRead': 2,
      'Valid': True,
      'WavefrontSize': 64,
    }),
    'gfx950_HHS:False': dict({
      'DepthU': 32,
      'GlobalSplitU': 1,
      'LoopIters': 2,
      'MacroTile0': 16,
      'MacroTile1': 16,
      'NumThreads': 64,
      'PrefetchGlobalRead': 2,
      'Valid': True,
      'WavefrontSize': 64,
    }),
    'gfx950_HHS:True': dict({
      'DepthU': 32,
      'GlobalSplitU': 1,
      'LoopIters': 2,
      'MacroTile0': 16,
      'MacroTile1': 16,
      'NumThreads': 64,
      'PrefetchGlobalRead': 2,
      'Valid': True,
      'WavefrontSize': 64,
    }),
  })
# ---
# name: test_derivation_sweep[LdsBlockSizePerPadA]
  dict({
    'gfx90a_HSS:-1': dict({
      'DepthU': 32,
      'GlobalSplitU': 1,
      'LoopIters': 2,
      'MacroTile0': 32,
      'MacroTile1': 32,
      'NumThreads': 256,
      'PrefetchGlobalRead': 2,
      'Valid': True,
      'WavefrontSize': 64,
    }),
    'gfx90a_HSS:0': dict({
      'DepthU': 32,
      'GlobalSplitU': 1,
      'LoopIters': 2,
      'MacroTile0': 32,
      'MacroTile1': 32,
      'NumThreads': 256,
      'PrefetchGlobalRead': 2,
      'Valid': True,
      'WavefrontSize': 64,
    }),
    'gfx90a_HSS:128': dict({
      'DepthU': 32,
      'GlobalSplitU': 1,
      'LoopIters': 2,
      'MacroTile0': 32,
      'MacroTile1': 32,
      'NumThreads': 256,
      'PrefetchGlobalRead': 2,
      'Valid': True,
      'WavefrontSize': 64,
    }),
    'gfx942_BBS:-1': dict({
      'DepthU': 64,
      'GlobalSplitU': 1,
      'LoopIters': 4,
      'MacroTile0': 256,
      'MacroTile1': 96,
      'NumThreads': 256,
      'PrefetchGlobalRead': 2,
      'Valid': True,
      'WavefrontSize': 64,
    }),
    'gfx942_BBS:0': dict({
      'DepthU': 64,
      'GlobalSplitU': 1,
      'LoopIters': 4,
      'MacroTile0': 256,
      'MacroTile1': 96,
      'NumThreads': 256,
      'PrefetchGlobalRead': 2,
      'Valid': True,
      'WavefrontSize': 64,
    }),
    'gfx942_BBS:128': dict({
      'DepthU': 64,
      'GlobalSplitU': 1,
      'LoopIters': 4,
      'MacroTile0': 256,
      'MacroTile1': 96,
      'NumThreads': 256,
      'PrefetchGlobalRead': 2,
      'Valid': True,
      'WavefrontSize': 64,
    }),
    'gfx942_HSS:-1': dict({
      'DepthU': 32,
      'GlobalSplitU': 1,
      'LoopIters': 2,
      'MacroTile0': 32,
      'MacroTile1': 32,
      'NumThreads': 256,
      'PrefetchGlobalRead': 2,
      'Valid': True,
      'WavefrontSize': 64,
    }),
    'gfx942_HSS:0': dict({
      'DepthU': 32,
      'GlobalSplitU': 1,
      'LoopIters': 2,
      'MacroTile0': 32,
      'MacroTile1': 32,
      'NumThreads': 256,
      'PrefetchGlobalRead': 2,
      'Valid': True,
      'WavefrontSize': 64,
    }),
    'gfx942_HSS:128': dict({
      'DepthU': 32,
      'GlobalSplitU': 1,
      'LoopIters': 2,
      'MacroTile0': 32,
      'MacroTile1': 32,
      'NumThreads': 256,
      'PrefetchGlobalRead': 2,
      'Valid': True,
      'WavefrontSize': 64,
    }),
    'gfx950_HHS:-1': dict({
      'DepthU': 32,
      'GlobalSplitU': 1,
      'LoopIters': 2,
      'MacroTile0': 16,
      'MacroTile1': 16,
      'NumThreads': 64,
      'PrefetchGlobalRead': 2,
      'Valid': True,
      'WavefrontSize': 64,
    }),
    'gfx950_HHS:0': dict({
      'DepthU': 32,
      'GlobalSplitU': 1,
      'LoopIters': 2,
      'MacroTile0': 16,
      'MacroTile1': 16,
      'NumThreads': 64,
      'PrefetchGlobalRead': 2,
      'Valid': True,
      'WavefrontSize': 64,
    }),
    'gfx950_HHS:128': dict({
      'DepthU': 32,
      'GlobalSplitU': 1,
      'LoopIters': 2,
      'MacroTile0': 16,
      'MacroTile1': 16,
      'NumThreads': 64,
      'PrefetchGlobalRead': 2,
      'Valid': True,
      'WavefrontSize': 64,
    }),
  })
# ---
# name: test_derivation_sweep[LdsBlockSizePerPadB]
  dict({
    'gfx90a_HSS:-1': dict({
      'DepthU': 32,
      'GlobalSplitU': 1,
      'LoopIters': 2,
      'MacroTile0': 32,
      'MacroTile1': 32,
      'NumThreads': 256,
      'PrefetchGlobalRead': 2,
      'Valid': True,
      'WavefrontSize': 64,
    }),
    'gfx90a_HSS:0': dict({
      'DepthU': 32,
      'GlobalSplitU': 1,
      'LoopIters': 2,
      'MacroTile0': 32,
      'MacroTile1': 32,
      'NumThreads': 256,
      'PrefetchGlobalRead': 2,
      'Valid': True,
      'WavefrontSize': 64,
    }),
    'gfx90a_HSS:128': dict({
      'DepthU': 32,
      'GlobalSplitU': 1,
      'LoopIters': 2,
      'MacroTile0': 32,
      'MacroTile1': 32,
      'NumThreads': 256,
      'PrefetchGlobalRead': 2,
      'Valid': True,
      'WavefrontSize': 64,
    }),
    'gfx942_BBS:-1': dict({
      'DepthU': 64,
      'GlobalSplitU': 1,
      'LoopIters': 4,
      'MacroTile0': 256,
      'MacroTile1': 96,
      'NumThreads': 256,
      'PrefetchGlobalRead': 2,
      'Valid': True,
      'WavefrontSize': 64,
    }),
    'gfx942_BBS:0': dict({
      'DepthU': 64,
      'GlobalSplitU': 1,
      'LoopIters': 4,
      'MacroTile0': 256,
      'MacroTile1': 96,
      'NumThreads': 256,
      'PrefetchGlobalRead': 2,
      'Valid': True,
      'WavefrontSize': 64,
    }),
    'gfx942_BBS:128': dict({
      'DepthU': 64,
      'GlobalSplitU': 1,
      'LoopIters': 4,
      'MacroTile0': 256,
      'MacroTile1': 96,
      'NumThreads': 256,
      'PrefetchGlobalRead': 2,
      'Valid': True,
      'WavefrontSize': 64,
    }),
    'gfx942_HSS:-1': dict({
      'DepthU': 32,
      'GlobalSplitU': 1,
      'LoopIters': 2,
      'MacroTile0': 32,
      'MacroTile1': 32,
      'NumThreads': 256,
      'PrefetchGlobalRead': 2,
      'Valid': True,
      'WavefrontSize': 64,
    }),
    'gfx942_HSS:0': dict({
      'DepthU': 32,
      'GlobalSplitU': 1,
      'LoopIters': 2,
      'MacroTile0': 32,
      'MacroTile1': 32,
      'NumThreads': 256,
      'PrefetchGlobalRead': 2,
      'Valid': True,
      'WavefrontSize': 64,
    }),
    'gfx942_HSS:128': dict({
      'DepthU': 32,
      'GlobalSplitU': 1,
      'LoopIters': 2,
      'MacroTile0': 32,
      'MacroTile1': 32,
      'NumThreads': 256,
      'PrefetchGlobalRead': 2,
      'Valid': True,
      'WavefrontSize': 64,
    }),
    'gfx950_HHS:-1': dict({
      'DepthU': 32,
      'GlobalSplitU': 1,
      'LoopIters': 2,
      'MacroTile0': 16,
      'MacroTile1': 16,
      'NumThreads': 64,
      'PrefetchGlobalRead': 2,
      'Valid': True,
      'WavefrontSize': 64,
    }),
    'gfx950_HHS:0': dict({
      'DepthU': 32,
      'GlobalSplitU': 1,
      'LoopIters': 2,
      'MacroTile0': 16,
      'MacroTile1': 16,
      'NumThreads': 64,
      'PrefetchGlobalRead': 2,
      'Valid': True,
      'WavefrontSize': 64,
    }),
    'gfx950_HHS:128': dict({
      'DepthU': 32,
      'GlobalSplitU': 1,
      'LoopIters': 2,
      'MacroTile0': 16,
      'MacroTile1': 16,
      'NumThreads': 64,
      'PrefetchGlobalRead': 2,
      'Valid': True,
      'WavefrontSize': 64,
    }),
  })
# ---
# name: test_derivation_sweep[NonTemporalA]
  dict({
    'gfx90a_HSS:0': dict({
      'DepthU': 32,
      'GlobalSplitU': 1,
      'LoopIters': 2,
      'MacroTile0': 32,
      'MacroTile1': 32,
      'NumThreads': 256,
      'PrefetchGlobalRead': 2,
      'Valid': True,
      'WavefrontSize': 64,
    }),
    'gfx90a_HSS:1': dict({
      'DepthU': 32,
      'GlobalSplitU': 1,
      'LoopIters': 2,
      'MacroTile0': 32,
      'MacroTile1': 32,
      'NumThreads': 256,
      'PrefetchGlobalRead': 2,
      'Valid': True,
      'WavefrontSize': 64,
    }),
    'gfx90a_HSS:2': dict({
      'DepthU': 32,
      'GlobalSplitU': 1,
      'LoopIters': 2,
      'MacroTile0': 32,
      'MacroTile1': 32,
      'NumThreads': 256,
      'PrefetchGlobalRead': 2,
      'Valid': True,
      'WavefrontSize': 64,
    }),
    'gfx90a_HSS:3': dict({
      'DepthU': 32,
      'GlobalSplitU': 1,
      'LoopIters': 2,
      'MacroTile0': 32,
      'MacroTile1': 32,
      'NumThreads': 256,
      'PrefetchGlobalRead': 2,
      'Valid': True,
      'WavefrontSize': 64,
    }),
    'gfx942_BBS:0': dict({
      'DepthU': 64,
      'GlobalSplitU': 1,
      'LoopIters': 4,
      'MacroTile0': 256,
      'MacroTile1': 96,
      'NumThreads': 256,
      'PrefetchGlobalRead': 2,
      'Valid': True,
      'WavefrontSize': 64,
    }),
    'gfx942_BBS:1': dict({
      'DepthU': 64,
      'GlobalSplitU': 1,
      'LoopIters': 4,
      'MacroTile0': 256,
      'MacroTile1': 96,
      'NumThreads': 256,
      'PrefetchGlobalRead': 2,
      'Valid': True,
      'WavefrontSize': 64,
    }),
    'gfx942_BBS:2': dict({
      'DepthU': 64,
      'GlobalSplitU': 1,
      'LoopIters': 4,
      'MacroTile0': 256,
      'MacroTile1': 96,
      'NumThreads': 256,
      'PrefetchGlobalRead': 2,
      'Valid': True,
      'WavefrontSize': 64,
    }),
    'gfx942_BBS:3': dict({
      'DepthU': 64,
      'GlobalSplitU': 1,
      'LoopIters': 4,
      'MacroTile0': 256,
      'MacroTile1': 96,
      'NumThreads': 256,
      'PrefetchGlobalRead': 2,
      'Valid': True,
      'WavefrontSize': 64,
    }),
    'gfx942_HSS:0': dict({
      'DepthU': 32,
      'GlobalSplitU': 1,
      'LoopIters': 2,
      'MacroTile0': 32,
      'MacroTile1': 32,
      'NumThreads': 256,
      'PrefetchGlobalRead': 2,
      'Valid': True,
      'WavefrontSize': 64,
    }),
    'gfx942_HSS:1': dict({
      'DepthU': 32,
      'GlobalSplitU': 1,
      'LoopIters': 2,
      'MacroTile0': 32,
      'MacroTile1': 32,
      'NumThreads': 256,
      'PrefetchGlobalRead': 2,
      'Valid': True,
      'WavefrontSize': 64,
    }),
    'gfx942_HSS:2': dict({
      'DepthU': 32,
      'GlobalSplitU': 1,
      'LoopIters': 2,
      'MacroTile0': 32,
      'MacroTile1': 32,
      'NumThreads': 256,
      'PrefetchGlobalRead': 2,
      'Valid': True,
      'WavefrontSize': 64,
    }),
    'gfx942_HSS:3': dict({
      'DepthU': 32,
      'GlobalSplitU': 1,
      'LoopIters': 2,
      'MacroTile0': 32,
      'MacroTile1': 32,
      'NumThreads': 256,
      'PrefetchGlobalRead': 2,
      'Valid': True,
      'WavefrontSize': 64,
    }),
    'gfx950_HHS:0': dict({
      'DepthU': 32,
      'GlobalSplitU': 1,
      'LoopIters': 2,
      'MacroTile0': 16,
      'MacroTile1': 16,
      'NumThreads': 64,
      'PrefetchGlobalRead': 2,
      'Valid': True,
      'WavefrontSize': 64,
    }),
    'gfx950_HHS:1': dict({
      'DepthU': 32,
      'GlobalSplitU': 1,
      'LoopIters': 2,
      'MacroTile0': 16,
      'MacroTile1': 16,
      'NumThreads': 64,
      'PrefetchGlobalRead': 2,
      'Valid': True,
      'WavefrontSize': 64,
    }),
    'gfx950_HHS:2': dict({
      'DepthU': 32,
      'GlobalSplitU': 1,
      'LoopIters': 2,
      'MacroTile0': 16,
      'MacroTile1': 16,
      'NumThreads': 64,
      'PrefetchGlobalRead': 2,
      'Valid': True,
      'WavefrontSize': 64,
    }),
    'gfx950_HHS:3': dict({
      'DepthU': 32,
      'GlobalSplitU': 1,
      'LoopIters': 2,
      'MacroTile0': 16,
      'MacroTile1': 16,
      'NumThreads': 64,
      'PrefetchGlobalRead': 2,
      'Valid': True,
      'WavefrontSize': 64,
    }),
  })
# ---
# name: test_derivation_sweep[NonTemporalB]
  dict({
    'gfx90a_HSS:0': dict({
      'DepthU': 32,
      'GlobalSplitU': 1,
      'LoopIters': 2,
      'MacroTile0': 32,
      'MacroTile1': 32,
      'NumThreads': 256,
      'PrefetchGlobalRead': 2,
      'Valid': True,
      'WavefrontSize': 64,
    }),
    'gfx90a_HSS:1': dict({
      'DepthU': 32,
      'GlobalSplitU': 1,
      'LoopIters': 2,
      'MacroTile0': 32,
      'MacroTile1': 32,
      'NumThreads': 256,
      'PrefetchGlobalRead': 2,
      'Valid': True,
      'WavefrontSize': 64,
    }),
    'gfx90a_HSS:2': dict({
      'DepthU': 32,
      'GlobalSplitU': 1,
      'LoopIters': 2,
      'MacroTile0': 32,
      'MacroTile1': 32,
      'NumThreads': 256,
      'PrefetchGlobalRead': 2,
      'Valid': True,
      'WavefrontSize': 64,
    }),
    'gfx90a_HSS:3': dict({
      'DepthU': 32,
      'GlobalSplitU': 1,
      'LoopIters': 2,
      'MacroTile0': 32,
      'MacroTile1': 32,
      'NumThreads': 256,
      'PrefetchGlobalRead': 2,
      'Valid': True,
      'WavefrontSize': 64,
    }),
    'gfx942_BBS:0': dict({
      'DepthU': 64,
      'GlobalSplitU': 1,
      'LoopIters': 4,
      'MacroTile0': 256,
      'MacroTile1': 96,
      'NumThreads': 256,
      'PrefetchGlobalRead': 2,
      'Valid': True,
      'WavefrontSize': 64,
    }),
    'gfx942_BBS:1': dict({
      'DepthU': 64,
      'GlobalSplitU': 1,
      'LoopIters': 4,
      'MacroTile0': 256,
      'MacroTile1': 96,
      'NumThreads': 256,
      'PrefetchGlobalRead': 2,
      'Valid': True,
      'WavefrontSize': 64,
    }),
    'gfx942_BBS:2': dict({
      'DepthU': 64,
      'GlobalSplitU': 1,
      'LoopIters': 4,
      'MacroTile0': 256,
      'MacroTile1': 96,
      'NumThreads': 256,
      'PrefetchGlobalRead': 2,
      'Valid': True,
      'WavefrontSize': 64,
    }),
    'gfx942_BBS:3': dict({
      'DepthU': 64,
      'GlobalSplitU': 1,
      'LoopIters': 4,
      'MacroTile0': 256,
      'MacroTile1': 96,
      'NumThreads': 256,
      'PrefetchGlobalRead': 2,
      'Valid': True,
      'WavefrontSize': 64,
    }),
    'gfx942_HSS:0': dict({
      'DepthU': 32,
      'GlobalSplitU': 1,
      'LoopIters': 2,
      'MacroTile0': 32,
      'MacroTile1': 32,
      'NumThreads': 256,
      'PrefetchGlobalRead': 2,
      'Valid': True,
      'WavefrontSize': 64,
    }),
    'gfx942_HSS:1': dict({
      'DepthU': 32,
      'GlobalSplitU': 1,
      'LoopIters': 2,
      'MacroTile0': 32,
      'MacroTile1': 32,
      'NumThreads': 256,
      'PrefetchGlobalRead': 2,
      'Valid': True,
      'WavefrontSize': 64,
    }),
    'gfx942_HSS:2': dict({
      'DepthU': 32,
      'GlobalSplitU': 1,
      'LoopIters': 2,
      'MacroTile0': 32,
      'MacroTile1': 32,
      'NumThreads': 256,
      'PrefetchGlobalRead': 2,
      'Valid': True,
      'WavefrontSize': 64,
    }),
    'gfx942_HSS:3': dict({
      'DepthU': 32,
      'GlobalSplitU': 1,
      'LoopIters': 2,
      'MacroTile0': 32,
      'MacroTile1': 32,
      'NumThreads': 256,
      'PrefetchGlobalRead': 2,
      'Valid': True,
      'WavefrontSize': 64,
    }),
    'gfx950_HHS:0': dict({
      'DepthU': 32,
      'GlobalSplitU': 1,
      'LoopIters': 2,
      'MacroTile0': 16,
      'MacroTile1': 16,
      'NumThreads': 64,
      'PrefetchGlobalRead': 2,
      'Valid': True,
      'WavefrontSize': 64,
    }),
    'gfx950_HHS:1': dict({
      'DepthU': 32,
      'GlobalSplitU': 1,
      'LoopIters': 2,
      'MacroTile0': 16,
      'MacroTile1': 16,
      'NumThreads': 64,
      'PrefetchGlobalRead': 2,
      'Valid': True,
      'WavefrontSize': 64,
    }),
    'gfx950_HHS:2': dict({
      'DepthU': 32,
      'GlobalSplitU': 1,
      'LoopIters': 2,
      'MacroTile0': 16,
      'MacroTile1': 16,
      'NumThreads': 64,
      'PrefetchGlobalRead': 2,
      'Valid': True,
      'WavefrontSize': 64,
    }),
    'gfx950_HHS:3': dict({
      'DepthU': 32,
      'GlobalSplitU': 1,
      'LoopIters': 2,
      'MacroTile0': 16,
      'MacroTile1': 16,
      'NumThreads': 64,
      'PrefetchGlobalRead': 2,
      'Valid': True,
      'WavefrontSize': 64,
    }),
  })
# ---
# name: test_derivation_sweep[PrefetchGlobalRead]
  dict({
    'gfx90a_HSS:0': dict({
      'DepthU': 32,
      'GlobalSplitU': 1,
      'LoopIters': 2,
      'MacroTile0': 32,
      'MacroTile1': 32,
      'NumThreads': 256,
      'PrefetchGlobalRead': 0,
      'Valid': True,
      'WavefrontSize': 64,
    }),
    'gfx90a_HSS:1': dict({
      'DepthU': 32,
      'GlobalSplitU': 1,
      'LoopIters': 2,
      'MacroTile0': 32,
      'MacroTile1': 32,
      'NumThreads': 256,
      'PrefetchGlobalRead': 1,
      'Valid': True,
      'WavefrontSize': 64,
    }),
    'gfx90a_HSS:2': dict({
      'DepthU': 32,
      'GlobalSplitU': 1,
      'LoopIters': 2,
      'MacroTile0': 32,
      'MacroTile1': 32,
      'NumThreads': 256,
      'PrefetchGlobalRead': 2,
      'Valid': True,
      'WavefrontSize': 64,
    }),
    'gfx942_BBS:0': dict({
      'DepthU': 64,
      'GlobalSplitU': 1,
      'LoopIters': 4,
      'MacroTile0': 256,
      'MacroTile1': 96,
      'NumThreads': 256,
      'PrefetchGlobalRead': 0,
      'Valid': False,
      'WavefrontSize': 64,
    }),
    'gfx942_BBS:1': dict({
      'DepthU': 64,
      'GlobalSplitU': 1,
      'LoopIters': 4,
      'MacroTile0': 256,
      'MacroTile1': 96,
      'NumThreads': 256,
      'PrefetchGlobalRead': 1,
      'Valid': True,
      'WavefrontSize': 64,
    }),
    'gfx942_BBS:2': dict({
      'DepthU': 64,
      'GlobalSplitU': 1,
      'LoopIters': 4,
      'MacroTile0': 256,
      'MacroTile1': 96,
      'NumThreads': 256,
      'PrefetchGlobalRead': 2,
      'Valid': True,
      'WavefrontSize': 64,
    }),
    'gfx942_HSS:0': dict({
      'DepthU': 32,
      'GlobalSplitU': 1,
      'LoopIters': 2,
      'MacroTile0': 32,
      'MacroTile1': 32,
      'NumThreads': 256,
      'PrefetchGlobalRead': 0,
      'Valid': True,
      'WavefrontSize': 64,
    }),
    'gfx942_HSS:1': dict({
      'DepthU': 32,
      'GlobalSplitU': 1,
      'LoopIters': 2,
      'MacroTile0': 32,
      'MacroTile1': 32,
      'NumThreads': 256,
      'PrefetchGlobalRead': 1,
      'Valid': True,
      'WavefrontSize': 64,
    }),
    'gfx942_HSS:2': dict({
      'DepthU': 32,
      'GlobalSplitU': 1,
      'LoopIters': 2,
      'MacroTile0': 32,
      'MacroTile1': 32,
      'NumThreads': 256,
      'PrefetchGlobalRead': 2,
      'Valid': True,
      'WavefrontSize': 64,
    }),
    'gfx950_HHS:0': dict({
      'DepthU': 32,
      'GlobalSplitU': 1,
      'LoopIters': 2,
      'MacroTile0': 16,
      'MacroTile1': 16,
      'NumThreads': 64,
      'PrefetchGlobalRead': 0,
      'Valid': True,
      'WavefrontSize': 64,
    }),
    'gfx950_HHS:1': dict({
      'DepthU': 32,
      'GlobalSplitU': 1,
      'LoopIters': 2,
      'MacroTile0': 16,
      'MacroTile1': 16,
      'NumThreads': 64,
      'PrefetchGlobalRead': 1,
      'Valid': True,
      'WavefrontSize': 64,
    }),
    'gfx950_HHS:2': dict({
      'DepthU': 32,
      'GlobalSplitU': 1,
      'LoopIters': 2,
      'MacroTile0': 16,
      'MacroTile1': 16,
      'NumThreads': 64,
      'PrefetchGlobalRead': 2,
      'Valid': True,
      'WavefrontSize': 64,
    }),
  })
# ---
# name: test_derivation_sweep[PrefetchLocalRead]
  dict({
    'gfx90a_HSS:0': dict({
      'DepthU': 32,
      'GlobalSplitU': 1,
      'LoopIters': 2,
      'MacroTile0': 32,
      'MacroTile1': 32,
      'NumThreads': 256,
      'PrefetchGlobalRead': 2,
      'Valid': True,
      'WavefrontSize': 64,
    }),
    'gfx90a_HSS:1': dict({
      'DepthU': 32,
      'GlobalSplitU': 1,
      'LoopIters': 2,
      'MacroTile0': 32,
      'MacroTile1': 32,
      'NumThreads': 256,
      'PrefetchGlobalRead': 2,
      'Valid': True,
      'WavefrontSize': 64,
    }),
    'gfx90a_HSS:2': dict({
      'DepthU': 32,
      'GlobalSplitU': 1,
      'LoopIters': 2,
      'MacroTile0': 32,
      'MacroTile1': 32,
      'NumThreads': 256,
      'PrefetchGlobalRead': 2,
      'Valid': True,
      'WavefrontSize': 64,
    }),
    'gfx942_BBS:0': dict({
      'DepthU': 64,
      'GlobalSplitU': 1,
      'LoopIters': 4,
      'MacroTile0': 256,
      'MacroTile1': 96,
      'NumThreads': 256,
      'PrefetchGlobalRead': 2,
      'Valid': True,
      'WavefrontSize': 64,
    }),
    'gfx942_BBS:1': dict({
      'DepthU': 64,
      'GlobalSplitU': 1,
      'LoopIters': 4,
      'MacroTile0': 256,
      'MacroTile1': 96,
      'NumThreads': 256,
      'PrefetchGlobalRead': 2,
      'Valid': True,
      'WavefrontSize': 64,
    }),
    'gfx942_BBS:2': dict({
      'DepthU': 64,
      'GlobalSplitU': 1,
      'LoopIters': 4,
      'MacroTile0': 256,
      'MacroTile1': 96,
      'NumThreads': 256,
      'PrefetchGlobalRead': 2,
      'Valid': True,
      'WavefrontSize': 64,
    }),
    'gfx942_HSS:0': dict({
      'DepthU': 32,
      'GlobalSplitU': 1,
      'LoopIters': 2,
      'MacroTile0': 32,
      'MacroTile1': 32,
      'NumThreads': 256,
      'PrefetchGlobalRead': 2,
      'Valid': True,
      'WavefrontSize': 64,
    }),
    'gfx942_HSS:1': dict({
      'DepthU': 32,
      'GlobalSplitU': 1,
      'LoopIters': 2,
      'MacroTile0': 32,
      'MacroTile1': 32,
      'NumThreads': 256,
      'PrefetchGlobalRead': 2,
      'Valid': True,
      'WavefrontSize': 64,
    }),
    'gfx942_HSS:2': dict({
      'DepthU': 32,
      'GlobalSplitU': 1,
      'LoopIters': 2,
      'MacroTile0': 32,
      'MacroTile1': 32,
      'NumThreads': 256,
      'PrefetchGlobalRead': 2,
      'Valid': True,
      'WavefrontSize': 64,
    }),
    'gfx950_HHS:0': dict({
      'DepthU': 32,
      'GlobalSplitU': 1,
      'LoopIters': 2,
      'MacroTile0': 16,
      'MacroTile1': 16,
      'NumThreads': 64,
      'PrefetchGlobalRead': 2,
      'Valid': True,
      'WavefrontSize': 64,
    }),
    'gfx950_HHS:1': dict({
      'DepthU': 32,
      'GlobalSplitU': 1,
      'LoopIters': 2,
      'MacroTile0': 16,
      'MacroTile1': 16,
      'NumThreads': 64,
      'PrefetchGlobalRead': 2,
      'Valid': True,
      'WavefrontSize': 64,
    }),
    'gfx950_HHS:2': dict({
      'DepthU': 32,
      'GlobalSplitU': 1,
      'LoopIters': 2,
      'MacroTile0': 16,
      'MacroTile1': 16,
      'NumThreads': 64,
      'PrefetchGlobalRead': 2,
      'Valid': True,
      'WavefrontSize': 64,
    }),
  })
# ---
# name: test_derivation_sweep[ScheduleIterAlg]
  dict({
    'gfx90a_HSS:1': dict({
      'DepthU': 32,
      'GlobalSplitU': 1,
      'LoopIters': 2,
      'MacroTile0': 32,
      'MacroTile1': 32,
      'NumThreads': 256,
      'PrefetchGlobalRead': 2,
      'Valid': True,
      'WavefrontSize': 64,
    }),
    'gfx90a_HSS:2': dict({
      'DepthU': 32,
      'GlobalSplitU': 1,
      'LoopIters': 1,
      'MacroTile0': 32,
      'MacroTile1': 32,
      'NumThreads': 256,
      'PrefetchGlobalRead': 2,
      'Valid': True,
      'WavefrontSize': 64,
    }),
    'gfx90a_HSS:3': dict({
      'DepthU': 32,
      'GlobalSplitU': 1,
      'LoopIters': 2,
      'MacroTile0': 32,
      'MacroTile1': 32,
      'NumThreads': 256,
      'PrefetchGlobalRead': 2,
      'Valid': True,
      'WavefrontSize': 64,
    }),
    'gfx942_BBS:1': dict({
      'DepthU': 64,
      'GlobalSplitU': 1,
      'LoopIters': 4,
      'MacroTile0': 256,
      'MacroTile1': 96,
      'NumThreads': 256,
      'PrefetchGlobalRead': 2,
      'Valid': False,
      'WavefrontSize': 64,
    }),
    'gfx942_BBS:2': dict({
      'DepthU': 64,
      'GlobalSplitU': 1,
      'LoopIters': 1,
      'MacroTile0': 256,
      'MacroTile1': 96,
      'NumThreads': 256,
      'PrefetchGlobalRead': 2,
      'Valid': False,
      'WavefrontSize': 64,
    }),
    'gfx942_BBS:3': dict({
      'DepthU': 64,
      'GlobalSplitU': 1,
      'LoopIters': 4,
      'MacroTile0': 256,
      'MacroTile1': 96,
      'NumThreads': 256,
      'PrefetchGlobalRead': 2,
      'Valid': True,
      'WavefrontSize': 64,
    }),
    'gfx942_HSS:1': dict({
      'DepthU': 32,
      'GlobalSplitU': 1,
      'LoopIters': 2,
      'MacroTile0': 32,
      'MacroTile1': 32,
      'NumThreads': 256,
      'PrefetchGlobalRead': 2,
      'Valid': True,
      'WavefrontSize': 64,
    }),
    'gfx942_HSS:2': dict({
      'DepthU': 32,
      'GlobalSplitU': 1,
      'LoopIters': 1,
      'MacroTile0': 32,
      'MacroTile1': 32,
      'NumThreads': 256,
      'PrefetchGlobalRead': 2,
      'Valid': True,
      'WavefrontSize': 64,
    }),
    'gfx942_HSS:3': dict({
      'DepthU': 32,
      'GlobalSplitU': 1,
      'LoopIters': 2,
      'MacroTile0': 32,
      'MacroTile1': 32,
      'NumThreads': 256,
      'PrefetchGlobalRead': 2,
      'Valid': True,
      'WavefrontSize': 64,
    }),
    'gfx950_HHS:1': dict({
      'DepthU': 32,
      'GlobalSplitU': 1,
      'LoopIters': 2,
      'MacroTile0': 16,
      'MacroTile1': 16,
      'NumThreads': 64,
      'PrefetchGlobalRead': 2,
      'Valid': True,
      'WavefrontSize': 64,
    }),
    'gfx950_HHS:2': dict({
      'DepthU': 32,
      'GlobalSplitU': 1,
      'LoopIters': 1,
      'MacroTile0': 16,
      'MacroTile1': 16,
      'NumThreads': 64,
      'PrefetchGlobalRead': 2,
      'Valid': True,
      'WavefrontSize': 64,
    }),
    'gfx950_HHS:3': dict({
      'DepthU': 32,
      'GlobalSplitU': 1,
      'LoopIters': 2,
      'MacroTile0': 16,
      'MacroTile1': 16,
      'NumThreads': 64,
      'PrefetchGlobalRead': 2,
      'Valid': True,
      'WavefrontSize': 64,
    }),
  })
# ---
# name: test_derivation_sweep[StaggerUMapping]
  dict({
    'gfx90a_HSS:0': dict({
      'DepthU': 32,
      'GlobalSplitU': 1,
      'LoopIters': 2,
      'MacroTile0': 32,
      'MacroTile1': 32,
      'NumThreads': 256,
      'PrefetchGlobalRead': 2,
      'Valid': True,
      'WavefrontSize': 64,
    }),
    'gfx90a_HSS:1': dict({
      'DepthU': 32,
      'GlobalSplitU': 1,
      'LoopIters': 2,
      'MacroTile0': 32,
      'MacroTile1': 32,
      'NumThreads': 256,
      'PrefetchGlobalRead': 2,
      'Valid': True,
      'WavefrontSize': 64,
    }),
    'gfx90a_HSS:2': dict({
      'DepthU': 32,
      'GlobalSplitU': 1,
      'LoopIters': 2,
      'MacroTile0': 32,
      'MacroTile1': 32,
      'NumThreads': 256,
      'PrefetchGlobalRead': 2,
      'Valid': True,
      'WavefrontSize': 64,
    }),
    'gfx942_BBS:0': dict({
      'DepthU': 64,
      'GlobalSplitU': 1,
      'LoopIters': 4,
      'MacroTile0': 256,
      'MacroTile1': 96,
      'NumThreads': 256,
      'PrefetchGlobalRead': 2,
      'Valid': True,
      'WavefrontSize': 64,
    }),
    'gfx942_BBS:1': dict({
      'DepthU': 64,
      'GlobalSplitU': 1,
      'LoopIters': 4,
      'MacroTile0': 256,
      'MacroTile1': 96,
      'NumThreads': 256,
      'PrefetchGlobalRead': 2,
      'Valid': True,
      'WavefrontSize': 64,
    }),
    'gfx942_BBS:2': dict({
      'DepthU': 64,
      'GlobalSplitU': 1,
      'LoopIters': 4,
      'MacroTile0': 256,
      'MacroTile1': 96,
      'NumThreads': 256,
      'PrefetchGlobalRead': 2,
      'Valid': True,
      'WavefrontSize': 64,
    }),
    'gfx942_HSS:0': dict({
      'DepthU': 32,
      'GlobalSplitU': 1,
      'LoopIters': 2,
      'MacroTile0': 32,
      'MacroTile1': 32,
      'NumThreads': 256,
      'PrefetchGlobalRead': 2,
      'Valid': True,
      'WavefrontSize': 64,
    }),
    'gfx942_HSS:1': dict({
      'DepthU': 32,
      'GlobalSplitU': 1,
      'LoopIters': 2,
      'MacroTile0': 32,
      'MacroTile1': 32,
      'NumThreads': 256,
      'PrefetchGlobalRead': 2,
      'Valid': True,
      'WavefrontSize': 64,
    }),
    'gfx942_HSS:2': dict({
      'DepthU': 32,
      'GlobalSplitU': 1,
      'LoopIters': 2,
      'MacroTile0': 32,
      'MacroTile1': 32,
      'NumThreads': 256,
      'PrefetchGlobalRead': 2,
      'Valid': True,
      'WavefrontSize': 64,
    }),
    'gfx950_HHS:0': dict({
      'DepthU': 32,
      'GlobalSplitU': 1,
      'LoopIters': 2,
      'MacroTile0': 16,
      'MacroTile1': 16,
      'NumThreads': 64,
      'PrefetchGlobalRead': 2,
      'Valid': True,
      'WavefrontSize': 64,
    }),
    'gfx950_HHS:1': dict({
      'DepthU': 32,
      'GlobalSplitU': 1,
      'LoopIters': 2,
      'MacroTile0': 16,
      'MacroTile1': 16,
      'NumThreads': 64,
      'PrefetchGlobalRead': 2,
      'Valid': True,
      'WavefrontSize': 64,
    }),
    'gfx950_HHS:2': dict({
      'DepthU': 32,
      'GlobalSplitU': 1,
      'LoopIters': 2,
      'MacroTile0': 16,
      'MacroTile1': 16,
      'NumThreads': 64,
      'PrefetchGlobalRead': 2,
      'Valid': True,
      'WavefrontSize': 64,
    }),
  })
# ---
# name: test_derivation_sweep[StaggerUStride]
  dict({
    'gfx90a_HSS:0': dict({
      'DepthU': 32,
      'GlobalSplitU': 1,
      'LoopIters': 2,
      'MacroTile0': 32,
      'MacroTile1': 32,
      'NumThreads': 256,
      'PrefetchGlobalRead': 2,
      'Valid': True,
      'WavefrontSize': 64,
    }),
    'gfx90a_HSS:256': dict({
      'DepthU': 32,
      'GlobalSplitU': 1,
      'LoopIters': 2,
      'MacroTile0': 32,
      'MacroTile1': 32,
      'NumThreads': 256,
      'PrefetchGlobalRead': 2,
      'Valid': True,
      'WavefrontSize': 64,
    }),
    'gfx942_BBS:0': dict({
      'DepthU': 64,
      'GlobalSplitU': 1,
      'LoopIters': 4,
      'MacroTile0': 256,
      'MacroTile1': 96,
      'NumThreads': 256,
      'PrefetchGlobalRead': 2,
      'Valid': True,
      'WavefrontSize': 64,
    }),
    'gfx942_BBS:256': dict({
      'DepthU': 64,
      'GlobalSplitU': 1,
      'LoopIters': 4,
      'MacroTile0': 256,
      'MacroTile1': 96,
      'NumThreads': 256,
      'PrefetchGlobalRead': 2,
      'Valid': True,
      'WavefrontSize': 64,
    }),
    'gfx942_HSS:0': dict({
      'DepthU': 32,
      'GlobalSplitU': 1,
      'LoopIters': 2,
      'MacroTile0': 32,
      'MacroTile1': 32,
      'NumThreads': 256,
      'PrefetchGlobalRead': 2,
      'Valid': True,
      'WavefrontSize': 64,
    }),
    'gfx942_HSS:256': dict({
      'DepthU': 32,
      'GlobalSplitU': 1,
      'LoopIters': 2,
      'MacroTile0': 32,
      'MacroTile1': 32,
      'NumThreads': 256,
      'PrefetchGlobalRead': 2,
      'Valid': True,
      'WavefrontSize': 64,
    }),
    'gfx950_HHS:0': dict({
      'DepthU': 32,
      'GlobalSplitU': 1,
      'LoopIters': 2,
      'MacroTile0': 16,
      'MacroTile1': 16,
      'NumThreads': 64,
      'PrefetchGlobalRead': 2,
      'Valid': True,
      'WavefrontSize': 64,
    }),
    'gfx950_HHS:256': dict({
      'DepthU': 32,
      'GlobalSplitU': 1,
      'LoopIters': 2,
      'MacroTile0': 16,
      'MacroTile1': 16,
      'NumThreads': 64,
      'PrefetchGlobalRead': 2,
      'Valid': True,
      'WavefrontSize': 64,
    }),
  })
# ---
# name: test_derivation_sweep[StaggerU]
  dict({
    'gfx90a_HSS:0': dict({
      'DepthU': 32,
      'GlobalSplitU': 1,
      'LoopIters': 2,
      'MacroTile0': 32,
      'MacroTile1': 32,
      'NumThreads': 256,
      'PrefetchGlobalRead': 2,
      'Valid': True,
      'WavefrontSize': 64,
    }),
    'gfx90a_HSS:32': dict({
      'DepthU': 32,
      'GlobalSplitU': 1,
      'LoopIters': 2,
      'MacroTile0': 32,
      'MacroTile1': 32,
      'NumThreads': 256,
      'PrefetchGlobalRead': 2,
      'Valid': True,
      'WavefrontSize': 64,
    }),
    'gfx90a_HSS:4': dict({
      'DepthU': 32,
      'GlobalSplitU': 1,
      'LoopIters': 2,
      'MacroTile0': 32,
      'MacroTile1': 32,
      'NumThreads': 256,
      'PrefetchGlobalRead': 2,
      'Valid': True,
      'WavefrontSize': 64,
    }),
    'gfx942_BBS:0': dict({
      'DepthU': 64,
      'GlobalSplitU': 1,
      'LoopIters': 4,
      'MacroTile0': 256,
      'MacroTile1': 96,
      'NumThreads': 256,
      'PrefetchGlobalRead': 2,
      'Valid': True,
      'WavefrontSize': 64,
    }),
    'gfx942_BBS:32': dict({
      'DepthU': 64,
      'GlobalSplitU': 1,
      'LoopIters': 4,
      'MacroTile0': 256,
      'MacroTile1': 96,
      'NumThreads': 256,
      'PrefetchGlobalRead': 2,
      'Valid': True,
      'WavefrontSize': 64,
    }),
    'gfx942_BBS:4': dict({
      'DepthU': 64,
      'GlobalSplitU': 1,
      'LoopIters': 4,
      'MacroTile0': 256,
      'MacroTile1': 96,
      'NumThreads': 256,
      'PrefetchGlobalRead': 2,
      'Valid': True,
      'WavefrontSize': 64,
    }),
    'gfx942_HSS:0': dict({
      'DepthU': 32,
      'GlobalSplitU': 1,
      'LoopIters': 2,
      'MacroTile0': 32,
      'MacroTile1': 32,
      'NumThreads': 256,
      'PrefetchGlobalRead': 2,
      'Valid': True,
      'WavefrontSize': 64,
    }),
    'gfx942_HSS:32': dict({
      'DepthU': 32,
      'GlobalSplitU': 1,
      'LoopIters': 2,
      'MacroTile0': 32,
      'MacroTile1': 32,
      'NumThreads': 256,
      'PrefetchGlobalRead': 2,
      'Valid': True,
      'WavefrontSize': 64,
    }),
    'gfx942_HSS:4': dict({
      'DepthU': 32,
      'GlobalSplitU': 1,
      'LoopIters': 2,
      'MacroTile0': 32,
      'MacroTile1': 32,
      'NumThreads': 256,
      'PrefetchGlobalRead': 2,
      'Valid': True,
      'WavefrontSize': 64,
    }),
    'gfx950_HHS:0': dict({
      'DepthU': 32,
      'GlobalSplitU': 1,
      'LoopIters': 2,
      'MacroTile0': 16,
      'MacroTile1': 16,
      'NumThreads': 64,
      'PrefetchGlobalRead': 2,
      'Valid': True,
      'WavefrontSize': 64,
    }),
    'gfx950_HHS:32': dict({
      'DepthU': 32,
      'GlobalSplitU': 1,
      'LoopIters': 2,
      'MacroTile0': 16,
      'MacroTile1': 16,
      'NumThreads': 64,
      'PrefetchGlobalRead': 2,
      'Valid': True,
      'WavefrontSize': 64,
    }),
    'gfx950_HHS:4': dict({
      'DepthU': 32,
      'GlobalSplitU': 1,
      'LoopIters': 2,
      'MacroTile0': 16,
      'MacroTile1': 16,
      'NumThreads': 64,
      'PrefetchGlobalRead': 2,
      'Valid': True,
      'WavefrontSize': 64,
    }),
  })
# ---
# name: test_derivation_sweep[StorePriorityOpt]
  dict({
    'gfx90a_HSS:False': dict({
      'DepthU': 32,
      'GlobalSplitU': 1,
      'LoopIters': 2,
      'MacroTile0': 32,
      'MacroTile1': 32,
      'NumThreads': 256,
      'PrefetchGlobalRead': 2,
      'Valid': True,
      'WavefrontSize': 64,
    }),
    'gfx90a_HSS:True': dict({
      'DepthU': 32,
      'GlobalSplitU': 1,
      'LoopIters': 2,
      'MacroTile0': 32,
      'MacroTile1': 32,
      'NumThreads': 256,
      'PrefetchGlobalRead': 2,
      'Valid': True,
      'WavefrontSize': 64,
    }),
    'gfx942_BBS:False': dict({
      'DepthU': 64,
      'GlobalSplitU': 1,
      'LoopIters': 4,
      'MacroTile0': 256,
      'MacroTile1': 96,
      'NumThreads': 256,
      'PrefetchGlobalRead': 2,
      'Valid': True,
      'WavefrontSize': 64,
    }),
    'gfx942_BBS:True': dict({
      'DepthU': 64,
      'GlobalSplitU': 1,
      'LoopIters': 4,
      'MacroTile0': 256,
      'MacroTile1': 96,
      'NumThreads': 256,
      'PrefetchGlobalRead': 2,
      'Valid': True,
      'WavefrontSize': 64,
    }),
    'gfx942_HSS:False': dict({
      'DepthU': 32,
      'GlobalSplitU': 1,
      'LoopIters': 2,
      'MacroTile0': 32,
      'MacroTile1': 32,
      'NumThreads': 256,
      'PrefetchGlobalRead': 2,
      'Valid': True,
      'WavefrontSize': 64,
    }),
    'gfx942_HSS:True': dict({
      'DepthU': 32,
      'GlobalSplitU': 1,
      'LoopIters': 2,
      'MacroTile0': 32,
      'MacroTile1': 32,
      'NumThreads': 256,
      'PrefetchGlobalRead': 2,
      'Valid': True,
      'WavefrontSize': 64,
    }),
    'gfx950_HHS:False': dict({
      'DepthU': 32,
      'GlobalSplitU': 1,
      'LoopIters': 2,
      'MacroTile0': 16,
      'MacroTile1': 16,
      'NumThreads': 64,
      'PrefetchGlobalRead': 2,
      'Valid': True,
      'WavefrontSize': 64,
    }),
    'gfx950_HHS:True': dict({
      'DepthU': 32,
      'GlobalSplitU': 1,
      'LoopIters': 2,
      'MacroTile0': 16,
      'MacroTile1': 16,
      'NumThreads': 64,
      'PrefetchGlobalRead': 2,
      'Valid': True,
      'WavefrontSize': 64,
    }),
  })
# ---
# name: test_derivation_sweep[VectorWidthA]
  dict({
    'gfx90a_HSS:1': dict({
      'DepthU': 32,
      'GlobalSplitU': 1,
      'LoopIters': 2,
      'MacroTile0': 32,
      'MacroTile1': 32,
      'NumThreads': 256,
      'PrefetchGlobalRead': 2,
      'Valid': True,
      'WavefrontSize': 64,
    }),
    'gfx90a_HSS:2': dict({
      'DepthU': 32,
      'GlobalSplitU': 1,
      'LoopIters': 2,
      'MacroTile0': 32,
      'MacroTile1': 32,
      'NumThreads': 256,
      'PrefetchGlobalRead': 2,
      'Valid': False,
      'WavefrontSize': 64,
    }),
    'gfx90a_HSS:4': dict({
      'DepthU': 32,
      'GlobalSplitU': 1,
      'LoopIters': 2,
      'MacroTile0': 32,
      'MacroTile1': 32,
      'NumThreads': 256,
      'PrefetchGlobalRead': 2,
      'Valid': False,
      'WavefrontSize': 64,
    }),
    'gfx942_BBS:1': dict({
      'DepthU': 64,
      'GlobalSplitU': 1,
      'LoopIters': 4,
      'MacroTile0': 256,
      'MacroTile1': 96,
      'NumThreads': 256,
      'PrefetchGlobalRead': 2,
      'Valid': False,
      'WavefrontSize': 64,
    }),
    'gfx942_BBS:2': dict({
      'DepthU': 64,
      'GlobalSplitU': 1,
      'LoopIters': 4,
      'MacroTile0': 256,
      'MacroTile1': 96,
      'NumThreads': 256,
      'PrefetchGlobalRead': 2,
      'Valid': False,
      'WavefrontSize': 64,
    }),
    'gfx942_BBS:4': dict({
      'DepthU': 64,
      'GlobalSplitU': 1,
      'LoopIters': 4,
      'MacroTile0': 256,
      'MacroTile1': 96,
      'NumThreads': 256,
      'PrefetchGlobalRead': 2,
      'Valid': True,
      'WavefrontSize': 64,
    }),
    'gfx942_HSS:1': dict({
      'DepthU': 32,
      'GlobalSplitU': 1,
      'LoopIters': 2,
      'MacroTile0': 32,
      'MacroTile1': 32,
      'NumThreads': 256,
      'PrefetchGlobalRead': 2,
      'Valid': True,
      'WavefrontSize': 64,
    }),
    'gfx942_HSS:2': dict({
      'DepthU': 32,
      'GlobalSplitU': 1,
      'LoopIters': 2,
      'MacroTile0': 32,
      'MacroTile1': 32,
      'NumThreads': 256,
      'PrefetchGlobalRead': 2,
      'Valid': False,
      'WavefrontSize': 64,
    }),
    'gfx942_HSS:4': dict({
      'DepthU': 32,
      'GlobalSplitU': 1,
      'LoopIters': 2,
      'MacroTile0': 32,
      'MacroTile1': 32,
      'NumThreads': 256,
      'PrefetchGlobalRead': 2,
      'Valid': False,
      'WavefrontSize': 64,
    }),
    'gfx950_HHS:1': dict({
      'DepthU': 32,
      'GlobalSplitU': 1,
      'LoopIters': 2,
      'MacroTile0': 16,
      'MacroTile1': 16,
      'NumThreads': 64,
      'PrefetchGlobalRead': 2,
      'Valid': True,
      'WavefrontSize': 64,
    }),
    'gfx950_HHS:2': dict({
      'DepthU': 32,
      'GlobalSplitU': 1,
      'LoopIters': 2,
      'MacroTile0': 16,
      'MacroTile1': 16,
      'NumThreads': 64,
      'PrefetchGlobalRead': 2,
      'Valid': False,
      'WavefrontSize': 64,
    }),
    'gfx950_HHS:4': dict({
      'DepthU': 32,
      'GlobalSplitU': 1,
      'LoopIters': 2,
      'MacroTile0': 16,
      'MacroTile1': 16,
      'NumThreads': 64,
      'PrefetchGlobalRead': 2,
      'Valid': False,
      'WavefrontSize': 64,
    }),
  })
# ---
# name: test_derivation_sweep[VectorWidthB]
  dict({
    'gfx90a_HSS:1': dict({
      'DepthU': 32,
      'GlobalSplitU': 1,
      'LoopIters': 2,
      'MacroTile0': 32,
      'MacroTile1': 32,
      'NumThreads': 256,
      'PrefetchGlobalRead': 2,
      'Valid': True,
      'WavefrontSize': 64,
    }),
    'gfx90a_HSS:2': dict({
      'DepthU': 32,
      'GlobalSplitU': 1,
      'LoopIters': 2,
      'MacroTile0': 32,
      'MacroTile1': 32,
      'NumThreads': 256,
      'PrefetchGlobalRead': 2,
      'Valid': False,
      'WavefrontSize': 64,
    }),
    'gfx90a_HSS:4': dict({
      'DepthU': 32,
      'GlobalSplitU': 1,
      'LoopIters': 2,
      'MacroTile0': 32,
      'MacroTile1': 32,
      'NumThreads': 256,
      'PrefetchGlobalRead': 2,
      'Valid': False,
      'WavefrontSize': 64,
    }),
    'gfx942_BBS:1': dict({
      'DepthU': 64,
      'GlobalSplitU': 1,
      'LoopIters': 4,
      'MacroTile0': 256,
      'MacroTile1': 96,
      'NumThreads': 256,
      'PrefetchGlobalRead': 2,
      'Valid': True,
      'WavefrontSize': 64,
    }),
    'gfx942_BBS:2': dict({
      'DepthU': 64,
      'GlobalSplitU': 1,
      'LoopIters': 4,
      'MacroTile0': 256,
      'MacroTile1': 96,
      'NumThreads': 256,
      'PrefetchGlobalRead': 2,
      'Valid': True,
      'WavefrontSize': 64,
    }),
    'gfx942_BBS:4': dict({
      'DepthU': 64,
      'GlobalSplitU': 1,
      'LoopIters': 4,
      'MacroTile0': 256,
      'MacroTile1': 96,
      'NumThreads': 256,
      'PrefetchGlobalRead': 2,
      'Valid': False,
      'WavefrontSize': 64,
    }),
    'gfx942_HSS:1': dict({
      'DepthU': 32,
      'GlobalSplitU': 1,
      'LoopIters': 2,
      'MacroTile0': 32,
      'MacroTile1': 32,
      'NumThreads': 256,
      'PrefetchGlobalRead': 2,
      'Valid': True,
      'WavefrontSize': 64,
    }),
    'gfx942_HSS:2': dict({
      'DepthU': 32,
      'GlobalSplitU': 1,
      'LoopIters': 2,
      'MacroTile0': 32,
      'MacroTile1': 32,
      'NumThreads': 256,
      'PrefetchGlobalRead': 2,
      'Valid': False,
      'WavefrontSize': 64,
    }),
    'gfx942_HSS:4': dict({
      'DepthU': 32,
      'GlobalSplitU': 1,
      'LoopIters': 2,
      'MacroTile0': 32,
      'MacroTile1': 32,
      'NumThreads': 256,
      'PrefetchGlobalRead': 2,
      'Valid': False,
      'WavefrontSize': 64,
    }),
    'gfx950_HHS:1': dict({
      'DepthU': 32,
      'GlobalSplitU': 1,
      'LoopIters': 2,
      'MacroTile0': 16,
      'MacroTile1': 16,
      'NumThreads': 64,
      'PrefetchGlobalRead': 2,
      'Valid': True,
      'WavefrontSize': 64,
    }),
    'gfx950_HHS:2': dict({
      'DepthU': 32,
      'GlobalSplitU': 1,
      'LoopIters': 2,
      'MacroTile0': 16,
      'MacroTile1': 16,
      'NumThreads': 64,
      'PrefetchGlobalRead': 2,
      'Valid': False,
      'WavefrontSize': 64,
    }),
    'gfx950_HHS:4': dict({
      'DepthU': 32,
      'GlobalSplitU': 1,
      'LoopIters': 2,
      'MacroTile0': 16,
      'MacroTile1': 16,
      'NumThreads': 64,
      'PrefetchGlobalRead': 2,
      'Valid': False,
      'WavefrontSize': 64,
    }),
  })
# ---
# name: test_derivation_sweep[WorkGroupMappingType]
  dict({
    'gfx90a_HSS:B': dict({
      'DepthU': 32,
      'GlobalSplitU': 1,
      'LoopIters': 2,
      'MacroTile0': 32,
      'MacroTile1': 32,
      'NumThreads': 256,
      'PrefetchGlobalRead': 2,
      'Valid': True,
      'WavefrontSize': 64,
    }),
    'gfx90a_HSS:Z': dict({
      'DepthU': 32,
      'GlobalSplitU': 1,
      'LoopIters': 2,
      'MacroTile0': 32,
      'MacroTile1': 32,
      'NumThreads': 256,
      'PrefetchGlobalRead': 2,
      'Valid': True,
      'WavefrontSize': 64,
    }),
    'gfx942_BBS:B': dict({
      'DepthU': 64,
      'GlobalSplitU': 1,
      'LoopIters': 4,
      'MacroTile0': 256,
      'MacroTile1': 96,
      'NumThreads': 256,
      'PrefetchGlobalRead': 2,
      'Valid': True,
      'WavefrontSize': 64,
    }),
    'gfx942_BBS:Z': dict({
      'DepthU': 64,
      'GlobalSplitU': 1,
      'LoopIters': 4,
      'MacroTile0': 256,
      'MacroTile1': 96,
      'NumThreads': 256,
      'PrefetchGlobalRead': 2,
      'Valid': True,
      'WavefrontSize': 64,
    }),
    'gfx942_HSS:B': dict({
      'DepthU': 32,
      'GlobalSplitU': 1,
      'LoopIters': 2,
      'MacroTile0': 32,
      'MacroTile1': 32,
      'NumThreads': 256,
      'PrefetchGlobalRead': 2,
      'Valid': True,
      'WavefrontSize': 64,
    }),
    'gfx942_HSS:Z': dict({
      'DepthU': 32,
      'GlobalSplitU': 1,
      'LoopIters': 2,
      'MacroTile0': 32,
      'MacroTile1': 32,
      'NumThreads': 256,
      'PrefetchGlobalRead': 2,
      'Valid': True,
      'WavefrontSize': 64,
    }),
    'gfx950_HHS:B': dict({
      'DepthU': 32,
      'GlobalSplitU': 1,
      'LoopIters': 2,
      'MacroTile0': 16,
      'MacroTile1': 16,
      'NumThreads': 64,
      'PrefetchGlobalRead': 2,
      'Valid': True,
      'WavefrontSize': 64,
    }),
    'gfx950_HHS:Z': dict({
      'DepthU': 32,
      'GlobalSplitU': 1,
      'LoopIters': 2,
      'MacroTile0': 16,
      'MacroTile1': 16,
      'NumThreads': 64,
      'PrefetchGlobalRead': 2,
      'Valid': True,
      'WavefrontSize': 64,
    }),
  })
# ---
# name: test_derivation_sweep[WorkGroupMapping]
  dict({
    'gfx90a_HSS:1': dict({
      'DepthU': 32,
      'GlobalSplitU': 1,
      'LoopIters': 2,
      'MacroTile0': 32,
      'MacroTile1': 32,
      'NumThreads': 256,
      'PrefetchGlobalRead': 2,
      'Valid': True,
      'WavefrontSize': 64,
    }),
    'gfx90a_HSS:4': dict({
      'DepthU': 32,
      'GlobalSplitU': 1,
      'LoopIters': 2,
      'MacroTile0': 32,
      'MacroTile1': 32,
      'NumThreads': 256,
      'PrefetchGlobalRead': 2,
      'Valid': True,
      'WavefrontSize': 64,
    }),
    'gfx90a_HSS:8': dict({
      'DepthU': 32,
      'GlobalSplitU': 1,
      'LoopIters': 2,
      'MacroTile0': 32,
      'MacroTile1': 32,
      'NumThreads': 256,
      'PrefetchGlobalRead': 2,
      'Valid': True,
      'WavefrontSize': 64,
    }),
    'gfx942_BBS:1': dict({
      'DepthU': 64,
      'GlobalSplitU': 1,
      'LoopIters': 4,
      'MacroTile0': 256,
      'MacroTile1': 96,
      'NumThreads': 256,
      'PrefetchGlobalRead': 2,
      'Valid': True,
      'WavefrontSize': 64,
    }),
    'gfx942_BBS:4': dict({
      'DepthU': 64,
      'GlobalSplitU': 1,
      'LoopIters': 4,
      'MacroTile0': 256,
      'MacroTile1': 96,
      'NumThreads': 256,
      'PrefetchGlobalRead': 2,
      'Valid': True,
      'WavefrontSize': 64,
    }),
    'gfx942_BBS:8': dict({
      'DepthU': 64,
      'GlobalSplitU': 1,
      'LoopIters': 4,
      'MacroTile0': 256,
      'MacroTile1': 96,
      'NumThreads': 256,
      'PrefetchGlobalRead': 2,
      'Valid': True,
      'WavefrontSize': 64,
    }),
    'gfx942_HSS:1': dict({
      'DepthU': 32,
      'GlobalSplitU': 1,
      'LoopIters': 2,
      'MacroTile0': 32,
      'MacroTile1': 32,
      'NumThreads': 256,
      'PrefetchGlobalRead': 2,
      'Valid': True,
      'WavefrontSize': 64,
    }),
    'gfx942_HSS:4': dict({
      'DepthU': 32,
      'GlobalSplitU': 1,
      'LoopIters': 2,
      'MacroTile0': 32,
      'MacroTile1': 32,
      'NumThreads': 256,
      'PrefetchGlobalRead': 2,
      'Valid': True,
      'WavefrontSize': 64,
    }),
    'gfx942_HSS:8': dict({
      'DepthU': 32,
      'GlobalSplitU': 1,
      'LoopIters': 2,
      'MacroTile0': 32,
      'MacroTile1': 32,
      'NumThreads': 256,
      'PrefetchGlobalRead': 2,
      'Valid': True,
      'WavefrontSize': 64,
    }),
    'gfx950_HHS:1': dict({
      'DepthU': 32,
      'GlobalSplitU': 1,
      'LoopIters': 2,
      'MacroTile0': 16,
      'MacroTile1': 16,
      'NumThreads': 64,
      'PrefetchGlobalRead': 2,
      'Valid': True,
      'WavefrontSize': 64,
    }),
    'gfx950_HHS:4': dict({
      'DepthU': 32,
      'GlobalSplitU': 1,
      'LoopIters': 2,
      'MacroTile0': 16,
      'MacroTile1': 16,
      'NumThreads': 64,
      'PrefetchGlobalRead': 2,
      'Valid': True,
      'WavefrontSize': 64,
    }),
    'gfx950_HHS:8': dict({
      'DepthU': 32,
      'GlobalSplitU': 1,
      'LoopIters': 2,
      'MacroTile0': 16,
      'MacroTile1': 16,
      'NumThreads': 64,
      'PrefetchGlobalRead': 2,
      'Valid': True,
      'WavefrontSize': 64,
    }),
  })
# ---
