# serializer version: 1
# name: test_gfx942_dominant_golden
  list([
    dict({
      'basename': 'Cijk_Alik_Bljk_BBS_BH_Bias_A_S_UserArgs_MT128x320JIwE5NeelTJhMAoNuBh6US1oTv-W1Bybo7E_hd9CQ0=',
      'err': 0,
    }),
    dict({
      'basename': 'Cijk_Alik_Bljk_BBS_BH_Bias_A_S_UserArgs_MT128x32ioeZvUPBhzvY_EA_tMi4dwxnlPblbct4ywwQytTSjY0=',
      'err': 0,
    }),
    dict({
      'basename': 'Cijk_Alik_Bljk_BBS_BH_Bias_A_S_UserArgs_MT64x16xYai5bTAKL7uvZKtRNRP_cK_FzgdTauHEQvUi5bvdI2I=',
      'err': 0,
    }),
    dict({
      'basename': 'Cijk_Alik_Bljk_BBS_BH_Bias_A_S_UserArgs_MT64x16xd5ynrlbjTw80bt2f4rOd0uFZ5ZESO6eWp_q_upItI7M=',
      'err': 0,
    }),
  ])
# ---
