# serializer version: 1
# name: test_r4_shiftvector2_golden
  list([
    dict({
      'basename': 'Cijk_Ailk_Bjlk_S_B_UserArgs_MT128x64x16_SN_LDSB0d7xBIkLX0by-V53pr0Jiycp7CDqzRspnvNlabFO5C8U=',
      'err': 0,
    }),
    dict({
      'basename': 'Cijk_Ailk_Bjlk_S_B_UserArgs_MT64x128x16_SN_LDSB07aNnyJnxYoKp-C8NRKI92yaYFRqHP86lOc8cR6Ee5lA=',
      'err': 0,
    }),
    dict({
      'basename': 'Cijk_Ailk_Bjlk_S_B_UserArgs_MT64x64x16_SN_LDSB0_7uIfWIee_-LORKiqC-JJiQSvHpXF0UO1njh7h_2GFws=',
      'err': 0,
    }),
  ])
# ---
