# serializer version: 1
# name: test_gfx950_dominant_golden
  list([
    dict({
      'basename': 'Cijk_Alik_Bljk_F8HS_BH_UserArgs_MT64x64x128_MI16uzY40g8cX-K5IzxejKKFdTHUZHafhvKfvDnG5po25gs=',
      'err': 0,
    }),
    dict({
      'basename': 'Cijk_Alik_Bljk_F8HS_BH_UserArgs_MT64x64x128_MI32oTCAel08qrNV6VuUfKehTfxoGKTVp1mGhWKtp99WfJs=',
      'err': 0,
    }),
  ])
# ---
