# serializer version: 1
# name: test_r2_subtile_gfx950_golden
  list([
    dict({
      'basename': 'Cijk_Alik_Bljk_BBS_BH_UserArgs_MT128x128x64_MI161trGTYH7BzR3j2Q2qNvJGaze8nFCRnHVJi2Ttqqaamo=',
      'err': 0,
    }),
    dict({
      'basename': 'Cijk_Alik_Bljk_BBS_BH_UserArgs_MT128x128x64_MI16JgfylG0zuP56erxhFoAJb68f0p9I7DAxGwhknrLD6T4=',
      'err': 0,
    }),
    dict({
      'basename': 'Cijk_Alik_Bljk_BBS_BH_UserArgs_MT128x64x64_MI16xZZ01gRfovJxi1MgOBgp8RNhjBz_NdOzJskAA9XazYhc=',
      'err': 0,
    }),
    dict({
      'basename': 'Cijk_Alik_Bljk_BBS_BH_UserArgs_MT128x64x64_MI16xZt6rX3Mm_zeGOwIcaqUKIQ38ZhYN55LLmdgLGkAuP-8=',
      'err': 0,
    }),
    dict({
      'basename': 'Cijk_Alik_Bljk_BBS_BH_UserArgs_MT32x32x64_MI16x1FGsM3cSq1eaJoTRuKDLIkWvtVvOFT4yyGsgdExciSF8=',
      'err': 0,
    }),
    dict({
      'basename': 'Cijk_Alik_Bljk_BBS_BH_UserArgs_MT32x32x64_MI16x1bjFJZWMzSPzXyhs4xMtGmOyh3_TJsftel1ylI4lD72g=',
      'err': 0,
    }),
    dict({
      'basename': 'Cijk_Alik_Bljk_BBS_BH_UserArgs_MT64x128x64_MI16xEh7X_nhh2uaiZVbNxY0Y68N4BgqxYj9tdSHf_tucxAQ=',
      'err': 0,
    }),
    dict({
      'basename': 'Cijk_Alik_Bljk_BBS_BH_UserArgs_MT64x128x64_MI16xx_GSxdHWhYFsVrOc16nbBjLhu8WH1hONQmf8h_w8jQ8=',
      'err': 0,
    }),
  ])
# ---
