# serializer version: 1
# name: test_r2_streamk_gfx942_golden
  list([
    dict({
      'basename': 'Cijk_Ailk_Bjlk_S_B_UserArgs_MT128x128x16_MI16x16CrUoO-hS_mEvn8Te6sZTc7Kdbp5WOWVXHj41Fnvejkk=',
      'err': 0,
    }),
    dict({
      'basename': 'Cijk_Ailk_Bjlk_S_B_UserArgs_MT128x128x16_MI16x16CrUoO-hS_mEvn8Te6sZTc7Kdbp5WOWVXHj41Fnvejkk=',
      'err': 0,
    }),
    dict({
      'basename': 'Cijk_Ailk_Bjlk_S_B_UserArgs_MT128x128x16_MI16x16G_SYkEzW0MVzqLfdmE2kLcOWsFJa5k_-bZB0NvfTD18=',
      'err': 0,
    }),
    dict({
      'basename': 'Cijk_Ailk_Bjlk_S_B_UserArgs_MT128x128x16_MI16x16G_SYkEzW0MVzqLfdmE2kLcOWsFJa5k_-bZB0NvfTD18=',
      'err': 0,
    }),
    dict({
      'basename': 'Cijk_Ailk_Bjlk_S_B_UserArgs_MT128x128x16_MI16x16wvSymRfYZyG7HT1B776W9Lbb4nBLYiQzSm03Ys3LLLw=',
      'err': 0,
    }),
    dict({
      'basename': 'Cijk_Ailk_Bjlk_S_B_UserArgs_MT128x128x16_MI16x16wvSymRfYZyG7HT1B776W9Lbb4nBLYiQzSm03Ys3LLLw=',
      'err': 0,
    }),
  ])
# ---
