# serializer version: 1
# name: test_gfx942_f8n_golden
  list([
    dict({
      'basename': 'Cijk_Ailk_Bljk_F8NHS_BH_Bias_S_HA_S_SAB_SCD_SAV_56uBj1j0YpVWr60itf4YisFPAKFBySqS6Lg3JYCRDfU=',
      'err': 0,
    }),
    dict({
      'basename': 'Cijk_Ailk_Bljk_F8NHS_BH_Bias_S_HA_S_SAB_SCD_SAV_CdnrmkWdpDY-zo3utmqPdM29BFiv3sKLkfzi19U4bCQ=',
      'err': 0,
    }),
    dict({
      'basename': 'Cijk_Ailk_Bljk_F8NHS_BH_Bias_S_HA_S_SAB_SCD_SAV_Okqk9rha3n2-k5W-zeVuFBEBHbXQ8Bev-T4OIb7d2u0=',
      'err': 0,
    }),
    dict({
      'basename': 'Cijk_Ailk_Bljk_F8NHS_BH_Bias_S_HA_S_SAB_SCD_SAV_RtXhlpeg-2XneycahQkWBBPsyqs_IiizaOo1VDc0SXY=',
      'err': 0,
    }),
    dict({
      'basename': 'Cijk_Ailk_Bljk_F8NHS_BH_Bias_S_HA_S_SAB_SCD_SAV_dwYF7XMW9wx-jVu_6Hk7ZtMv7yh-Alx6hGbywNqmyJg=',
      'err': 0,
    }),
    dict({
      'basename': 'Cijk_Ailk_Bljk_F8NHS_BH_Bias_S_HA_S_SAB_SCD_SAV_eeyOykHfZMjg6O8pMY2MWkVWQLA19fwp_JtwPForVT0=',
      'err': 0,
    }),
    dict({
      'basename': 'Cijk_Ailk_Bljk_F8NHS_BH_Bias_S_HA_S_SAB_SCD_SAV_uf_XRGjhBEnCBVo9sRJ_2iItq03ozYyf2JW8Bt5AZNI=',
      'err': 0,
    }),
    dict({
      'basename': 'Cijk_Ailk_Bljk_F8NHS_BH_Bias_S_HA_S_SAB_SCD_SAV_x3OlLcLiJSS3-3bmJ892aUBTnuBwfeefXCSxa7xfGE4=',
      'err': 0,
    }),
  ])
# ---
