# serializer version: 1
# name: test_r3_lra_tr_gfx950_golden
  list([
    dict({
      'basename': 'Cijk_Ailk_Bljk_BBS_BH_UserArgs_MT128x128x32_MI16bZ12vpTMV2BtSvJtQ3zYa93FIksc8FI9NtbfV_863bE=',
      'err': 0,
    }),
    dict({
      'basename': 'Cijk_Ailk_Bljk_BBS_BH_UserArgs_MT128x128x32_MI16kmqvW30hN5f045lgbKS8l2d8cvIN_ctS2lafLpfgQGI=',
      'err': 0,
    }),
  ])
# ---
