# serializer version: 1
# name: test_r2_mac_hhs_dot2_golden
  list([
    dict({
      'basename': 'Cijk_Alik_Bljk_HHS_BH_UserArgs_MT16x32x16_SN_LDSBCr7i42KDZVbCdnQPG-YILiOu47Yv_OcfQnZPlE0Vj4=',
      'err': 0,
    }),
    dict({
      'basename': 'Cijk_Alik_Bljk_HHS_BH_UserArgs_MT16x64x16_SN_LDSDn55ZsRfptCv84YEqBKK9UTt_ZPvogrVbHyqQ8eNYfw=',
      'err': 0,
    }),
    dict({
      'basename': 'Cijk_Alik_Bljk_HHS_BH_UserArgs_MT32x32x16_SN_LDS7iD6h9FtvYEjXXEtJRCHV69u7fyO-mQpRXldUC9jmBE=',
      'err': 0,
    }),
    dict({
      'basename': 'Cijk_Alik_Bljk_HHS_BH_UserArgs_MT32x64x16_SN_LDSJ6vGuGh1LoZJBUIsiuxfCXqhYp5rWtzmKOdFJyPXIRw=',
      'err': 0,
    }),
    dict({
      'basename': 'Cijk_Alik_Bljk_HHS_BH_UserArgs_MT64x32x16_SN_LDS3Naon1svCBXSFVUJntwWKQ_zWz9Zeuo1UBcTt5-BWIg=',
      'err': 0,
    }),
    dict({
      'basename': 'Cijk_Alik_Bljk_HHS_BH_UserArgs_MT8x64x16_SN_LDSBpWjNRD91iNji1jZMgBFUFGsAY2i37QGidKD8YtqELgw=',
      'err': 0,
    }),
  ])
# ---
