# serializer version: 1
# name: test_gfx950_emit_digests
  list([
    dict({
      'file': 'BBS.yaml',
      'kernels': list([
        dict({
          'basename': 'Cijk_Alik_Bjlk_BBS_BH_Bias_AuxB_HA_S_SAV_UserArg-nP1CWMnE9Ks9JJ3Yy1xf5NGy4hvqn67_GdIP2rzGQs=',
          'err': 0,
        }),
      ]),
    }),
    dict({
      'file': 'DTL.yaml',
      'kernels': list([
        dict({
          'basename': 'Custom_Cijk_Alik_Bljk_HHS_BH_MT256x256x64_MI16x16x1_UserArgs_shortname0_gfx950',
          'err': 0,
        }),
      ]),
    }),
    dict({
      'file': 'F8B8BS.yaml',
      'kernels': list([
        dict({
          'basename': 'Custom_Cijk_Alik_Bljk_F8B8BS_BH_SAB_NTD_UserArgs_shortname0_gfx950',
          'err': 0,
        }),
        dict({
          'basename': 'Custom_Cijk_Alik_Bljk_F8B8BS_BH_SAB_NTD_UserArgs_shortname1_gfx950',
          'err': 0,
        }),
        dict({
          'basename': 'Custom_Cijk_Alik_Bljk_F8B8BS_BH_SAB_UserArgs_shortname0_gfx950',
          'err': 0,
        }),
      ]),
    }),
    dict({
      'file': 'HHS.yaml',
      'kernels': list([
        dict({
          'basename': 'Cijk_Alik_Bljk_HHS_BH_Bias_HA_S_SAV_UserArgs_MT1AcBHzRHyeTl5hqpFqP9U9Mj34JwxKQp4WcHFpIk41ng=',
          'err': 0,
        }),
      ]),
    }),
    dict({
      'file': 'HSS.yaml',
      'kernels': list([
        dict({
          'basename': 'Cijk_Alik_Bjlk_HSS_BH_Bias_HA_S_SAV_UserArgs_MT3Q5HSG8-eTOAejq747YNm5jRTDQAsXd8WIn6MmCzFzJ4=',
          'err': 0,
        }),
      ]),
    }),
    dict({
      'file': 'I8_GSU.yaml',
      'kernels': list([
        dict({
          'basename': 'Cijk_Ailk_Bjlk_I8I8S_BH_Bias_HA_S_SAV_UserArgs_MJsuzF89o27YfEh-ZQvQ3GQ2oWVV2Om9WMcccDMbxTMk=',
          'err': 0,
        }),
      ]),
    }),
    dict({
      'file': 'MX.yaml',
      'kernels': list([
        dict({
          'basename': 'Cijk_Alik_Bjlk_S_MX_B_Bias_HA_S_SAV_UserArgs_MT4daf4InBnipSdeN_9C4sY5-xZjaLWULdOI6KiVF0H_Wo=',
          'err': 0,
        }),
      ]),
    }),
    dict({
      'file': 'MX_StreamK.yaml',
      'kernels': list([
        dict({
          'basename': 'Cijk_Alik_Bjlk_S_MX_B_Bias_HA_S_SAV_UserArgs_MT4daf4InBnipSdeN_9C4sY5-xZjaLWULdOI6KiVF0H_Wo=',
          'err': 0,
        }),
      ]),
    }),
    dict({
      'file': 'SB.yaml',
      'kernels': list([
        dict({
          'basename': 'Cijk_Ailk_Bjlk_S_B_Bias_AuxS_HA_S_SAV_UserArgs_M6Kafvz_1rdbL8TQi_Sq_GXJV4Rqd7b-Mwwjf555mV7M=',
          'err': 0,
        }),
      ]),
    }),
    dict({
      'file': 'StreamK_B8F8.yaml',
      'kernels': list([
        dict({
          'basename': 'Cijk_Alik_Bljk_B8F8_BH_Bias_HA_S_SAB_SAV_UserArgA_2Azc6RdjIuDI0vMHWIeqocP1kp_IvpIw3pYgRxua0=',
          'err': 0,
        }),
        dict({
          'basename': 'Cijk_Alik_Bljk_B8F8_BH_Bias_HA_S_SAB_SAV_UserArgDMpqHt2jt4_iwnI8N2VUKwGNQdXV8YS90dVSTwB5kAE=',
          'err': 0,
        }),
        dict({
          'basename': 'Cijk_Alik_Bljk_B8F8_BH_Bias_HA_S_SAB_SAV_UserArgJpfR99OSqjZCCbPZnUOJipkNN2Jc24trzoFCelkpziQ=',
          'err': 0,
        }),
        dict({
          'basename': 'Cijk_Alik_Bljk_B8F8_BH_Bias_HA_S_SAB_SAV_UserArgKU4TbD-J_6u1tHUAG69LUq9RlWJF1Et9x2OIEsigeGw=',
          'err': 0,
        }),
        dict({
          'basename': 'Cijk_Alik_Bljk_B8F8_BH_Bias_HA_S_SAB_SAV_UserArgc09k187NJfMD4v6_EGQrIX-_40yyUwfYW-trF5z0v7Y=',
          'err': 0,
        }),
      ]),
    }),
    dict({
      'file': 'StreamK_F8F8S.yaml',
      'kernels': list([
        dict({
          'basename': 'Cijk_Alik_Bljk_F8F8S_BH_Bias_HA_S_SAV_UserArgs_MOsgQ6xnWmyRm3RCHfRM6kEp42v5HY46aDkCUfoqtdsQ=',
          'err': 0,
        }),
      ]),
    }),
    dict({
      'file': 'WaveSplitK.yaml',
      'kernels': list([
        dict({
          'basename': 'Cijk_Alik_Bjlk_HHS_BH_Bias_HA_S_SAV_UserArgs_MT3Q5HSG8-eTOAejq747YNm5jRTDQAsXd8WIn6MmCzFzJ4=',
          'err': 0,
        }),
      ]),
    }),
  ])
# ---
