# serializer version: 1
# name: test_r3_datamover_gfx1250_golden
  list([
    dict({
      'basename': 'Cijk_Alik_Bljk_F4BS_BH_UserArgs_MT16x16x128_MI16P7WuDRgO_CvMFfLa98fx0URkn52ciZT6eU9YDnVUEL8=',
      'err': 0,
    }),
    dict({
      'basename': 'Cijk_Alik_Bljk_F4BS_BH_UserArgs_MT32x32x128_MI16BTcF9mbJwnBZxKKJw9u53EjSLIWqOJjwuqBiRVd0q60=',
      'err': 0,
    }),
  ])
# ---
