# serializer version: 1
# name: test_r3_streamk_gfx1250_golden
  list([
    dict({
      'basename': 'Cijk_Alik_Bljk_F8SS_MXAE8B32_MXBE8B32_BH_UserArg4fwNNtnjP214bRKwmg05OmaFNOmNJUp_X3-9iZip5X8=',
      'err': 0,
    }),
    dict({
      'basename': 'Cijk_Alik_Bljk_F8SS_MXAE8B32_MXBE8B32_BH_UserArg6fVhyCvIselcsGGSBDys2ZdfOD1ZkFL8Q3XUww0NZJs=',
      'err': 0,
    }),
    dict({
      'basename': 'Cijk_Alik_Bljk_F8SS_MXAE8B32_MXBE8B32_BH_UserArgh5ubNXx_pUxTub2_WuYpzPwRYNgneH328u9XiXZh3hk=',
      'err': 0,
    }),
  ])
# ---
