# serializer version: 1
# name: test_r2_store_gfx942_golden
  list([
    dict({
      'basename': 'Cijk_Alik_Bljk_BBS_BH_Bias_SAV_UserArgs_MT64x16xJ0mdwfWeeucHPMHbOUqZdpbXD__uJ1uA73Yi6F_0rwE=',
      'err': 0,
    }),
    dict({
      'basename': 'Cijk_Alik_Bljk_BBS_BH_Bias_SAV_UserArgs_MT64x16xL0GpsRcAjI-EXZfW5A2bg56Gprp0Z1RE2sInWqHG6V4=',
      'err': 0,
    }),
    dict({
      'basename': 'Cijk_Alik_Bljk_BBS_BH_Bias_SAV_UserArgs_MT64x16xgbMsf1i8NX1pF45jfZP_3vJfv_5uYMdN1l1IkGECxAk=',
      'err': 0,
    }),
    dict({
      'basename': 'Cijk_Alik_Bljk_BBS_BH_Bias_SAV_UserArgs_MT64x16xgg6NKl7VhrEvE_sw1d9DwS7fsuCMM6usL5ucko25n58=',
      'err': 0,
    }),
  ])
# ---
