# serializer version: 1
# name: test_helper_emit_digests
  dict({
    'gfx90a/HSS.yaml': list([
      tuple(
        'Cijk_SS_BiasH_HAS_ScaleAlphaVec_PostGSU16_VW1',
        0,
      ),
      tuple(
        'Cijk_SS_BiasH_HAS_ScaleAlphaVec_PostGSU16_VW2',
        0,
      ),
      tuple(
        'Cijk_SS_BiasH_HAS_ScaleAlphaVec_PostGSU16_VW4',
        0,
      ),
      tuple(
        'Cijk_SS_BiasS_HAS_ScaleAlphaVec_PostGSU16_VW1',
        0,
      ),
      tuple(
        'Cijk_SS_BiasS_HAS_ScaleAlphaVec_PostGSU16_VW2',
        0,
      ),
      tuple(
        'Cijk_SS_BiasS_HAS_ScaleAlphaVec_PostGSU16_VW4',
        0,
      ),
      tuple(
        'TensileActivationEnum_S',
        0,
      ),
      tuple(
        'TensileActivation_S_Hipblaslt_all',
        0,
      ),
    ]),
    'gfx942/F8N_multi.yaml': list([
      tuple(
        'Cijk_SF8N_BiasH_AuxH_HAS_ScaleAB_ScaleCD_ScaleAlphaVec_PostGSU16_VW1',
        0,
      ),
      tuple(
        'Cijk_SF8N_BiasH_AuxH_HAS_ScaleAB_ScaleCD_ScaleAlphaVec_PostGSU16_VW2',
        0,
      ),
      tuple(
        'Cijk_SF8N_BiasH_AuxH_HAS_ScaleAB_ScaleCD_ScaleAlphaVec_PostGSU16_VW4',
        0,
      ),
      tuple(
        'TensileActivationEnum_S',
        0,
      ),
      tuple(
        'TensileActivation_S_Hipblaslt_all',
        0,
      ),
    ]),
    'gfx942/GSU.yaml': list([
      tuple(
        'Cijk_DD_PostGSU16_VW1',
        0,
      ),
      tuple(
        'Cijk_DD_PostGSU16_VW2',
        0,
      ),
      tuple(
        'Cijk_D_GA',
        0,
      ),
    ]),
    'gfx942/HSS_BH_Bias.yaml': list([
      tuple(
        'Cijk_SS_BiasH_HAS_ScaleAlphaVec_PostGSU16_VW1',
        0,
      ),
      tuple(
        'Cijk_SS_BiasH_HAS_ScaleAlphaVec_PostGSU16_VW2',
        0,
      ),
      tuple(
        'Cijk_SS_BiasH_HAS_ScaleAlphaVec_PostGSU16_VW4',
        0,
      ),
      tuple(
        'Cijk_SS_BiasS_HAS_ScaleAlphaVec_PostGSU16_VW1',
        0,
      ),
      tuple(
        'Cijk_SS_BiasS_HAS_ScaleAlphaVec_PostGSU16_VW2',
        0,
      ),
      tuple(
        'Cijk_SS_BiasS_HAS_ScaleAlphaVec_PostGSU16_VW4',
        0,
      ),
      tuple(
        'TensileActivationEnum_S',
        0,
      ),
      tuple(
        'TensileActivation_S_Hipblaslt_all',
        0,
      ),
    ]),
    'gfx950/HHS.yaml': list([
      tuple(
        'Cijk_SH_BiasH_HAS_ScaleAlphaVec_PostGSU16_VW1',
        0,
      ),
      tuple(
        'Cijk_SH_BiasH_HAS_ScaleAlphaVec_PostGSU16_VW2',
        0,
      ),
      tuple(
        'Cijk_SH_BiasH_HAS_ScaleAlphaVec_PostGSU16_VW4',
        0,
      ),
      tuple(
        'Cijk_SH_BiasS_HAS_ScaleAlphaVec_PostGSU16_VW1',
        0,
      ),
      tuple(
        'Cijk_SH_BiasS_HAS_ScaleAlphaVec_PostGSU16_VW2',
        0,
      ),
      tuple(
        'Cijk_SH_BiasS_HAS_ScaleAlphaVec_PostGSU16_VW4',
        0,
      ),
      tuple(
        'TensileActivationEnum_S',
        0,
      ),
      tuple(
        'TensileActivation_S_Hipblaslt_all',
        0,
      ),
    ]),
    'gfx950/I8_GSU.yaml': list([
      tuple(
        'Cijk_I8_GA',
        0,
      ),
      tuple(
        'Cijk_II8_BiasS_HAS_ScaleAlphaVec_PostGSU16_VW1',
        0,
      ),
      tuple(
        'Cijk_II8_BiasS_HAS_ScaleAlphaVec_PostGSU16_VW2',
        0,
      ),
      tuple(
        'Cijk_II8_BiasS_HAS_ScaleAlphaVec_PostGSU16_VW4',
        0,
      ),
      tuple(
        'TensileActivationEnum_S',
        0,
      ),
      tuple(
        'TensileActivation_S_Hipblaslt_all',
        0,
      ),
    ]),
  })
# ---
