# serializer version: 1
# name: test_gfx1201_emit_digests
  list([
    dict({
      'file': 'B8B8S.yaml',
      'kernels': list([
        dict({
          'basename': 'Cijk_Alik_Bljk_B8B8S_BH_Bias_HA_S_SAV_UserArgs_MVSCCAfpf2R8QdTDYmUTUkRcTFd1IpfRAjLet-L5oqDI=',
          'err': 0,
        }),
      ]),
    }),
    dict({
      'file': 'BBS.yaml',
      'kernels': list([
        dict({
          'basename': 'Cijk_Alik_Bljk_BBS_BH_Bias_SH_HA_S_SAV_UserArgs_8sV6H8NFpzuKk4RQtQUDFBuGXHOvwcVJZTQHj_x-Dn0=',
          'err': 0,
        }),
      ]),
    }),
    dict({
      'file': 'HHS.yaml',
      'kernels': list([
        dict({
          'basename': 'Cijk_Alik_Bljk_HHS_BH_Bias_HA_S_SAV_UserArgs_MT1oPNOd09f6NDbRS-xCh2JnzflRtBmGH51JAsZHCRiX_g=',
          'err': 0,
        }),
      ]),
    }),
    dict({
      'file': 'HSS.yaml',
      'kernels': list([
        dict({
          'basename': 'Cijk_Alik_Bljk_HSS_BH_Bias_HA_S_SAV_UserArgs_MT1oPNOd09f6NDbRS-xCh2JnzflRtBmGH51JAsZHCRiX_g=',
          'err': 0,
        }),
      ]),
    }),
  ])
# ---
