# serializer version: 1
# name: test_gfx942_f8n_golden
  list([
    dict({
      'basename': 'Cijk_Ailk_Bljk_F8NHS_BH_Bias_S_HA_S_SAB_SCD_SAV_8cMqzr2PWi29XjMKSnvKfK5QDsyiP5QHP8Wg5_Mj8Vc=',
      'err': 0,
    }),
    dict({
      'basename': 'Cijk_Ailk_Bljk_F8NHS_BH_Bias_S_HA_S_SAB_SCD_SAV_9iINk9EWA7b0Wq7GkgmErsf09s5a16Dg5s1yqsOeyyY=',
      'err': 0,
    }),
    dict({
      'basename': 'Cijk_Ailk_Bljk_F8NHS_BH_Bias_S_HA_S_SAB_SCD_SAV_UEK2qKXNAdliTYsf78PcM6F4z5hip3rTzVTw5AeYTYk=',
      'err': 0,
    }),
    dict({
      'basename': 'Cijk_Ailk_Bljk_F8NHS_BH_Bias_S_HA_S_SAB_SCD_SAV_X8WtlmM58j_oJwZscFSA_mAcyo1e2nypwpZ2Y1fH7ag=',
      'err': 0,
    }),
    dict({
      'basename': 'Cijk_Ailk_Bljk_F8NHS_BH_Bias_S_HA_S_SAB_SCD_SAV_oTiKYsF-S0DG3V4KuWgv066MlZRghWV7ugg4Lda2i8U=',
      'err': 0,
    }),
    dict({
      'basename': 'Cijk_Ailk_Bljk_F8NHS_BH_Bias_S_HA_S_SAB_SCD_SAV_q41oRtFm_D6gweJvOnNiZIiK8xez9iE9kn8nPKcFNHE=',
      'err': 0,
    }),
    dict({
      'basename': 'Cijk_Ailk_Bljk_F8NHS_BH_Bias_S_HA_S_SAB_SCD_SAV_rdT9UKt3dnYrE719KnWXJMmnswSdBw9QMeKF_Yi3hW8=',
      'err': 0,
    }),
    dict({
      'basename': 'Cijk_Ailk_Bljk_F8NHS_BH_Bias_S_HA_S_SAB_SCD_SAV_x2UXan3f7h2qUXAHhgdp29H3dSQ51j9TwZcK2i6ctkA=',
      'err': 0,
    }),
  ])
# ---
