# serializer version: 1
# name: test_gfx908_emit_digests
  list([
    dict({
      'file': 'BBS.yaml',
      'kernels': list([
        dict({
          'basename': 'Cijk_Ailk_Bljk_BBS_BH_Bias_HA_S_SAV_MT64x16x32_M0MWgN6lNCygPmK2AH0Xnb8z6TKcT0M1Eb3QzygAq2Fc=',
          'err': 0,
        }),
      ]),
    }),
    dict({
      'file': 'HHS.yaml',
      'kernels': list([
        dict({
          'basename': 'Cijk_Ailk_Bljk_HHS_BH_Bias_HA_S_SAV_UserArgs_MT6ea-87O5WCccgDk1WdT6ah1bDWoNpMQXHsrCK5gSONyw=',
          'err': 0,
        }),
      ]),
    }),
    dict({
      'file': 'HSS.yaml',
      'kernels': list([
        dict({
          'basename': 'Cijk_Ailk_Bjlk_HSS_BH_Bias_HA_S_SAV_UserArgs_MT1udWqdnBgEb3_0OSM55WAVKcc2FWAIZtJf3Tn1h5J_rg=',
          'err': 0,
        }),
      ]),
    }),
    dict({
      'file': 'SB.yaml',
      'kernels': list([
        dict({
          'basename': 'Cijk_Alik_Bjlk_S_B_Bias_HA_S_SAV_UserArgs_MT32x38xW9KOjr0ZNQ6cuF1WiOw-x0gzP7uaG9cP_n8RLEO0k=',
          'err': 0,
        }),
      ]),
    }),
  ])
# ---
