# serializer version: 1
# name: test_r2_subtile_gfx950_golden
  list([
    dict({
      'basename': 'Cijk_Alik_Bljk_BBS_BH_UserArgs_MT128x128x64_MI166dPcOC_ubMVRWZECzmrZHvYrp09DAHS2GkymaiGK1KU=',
      'err': 0,
    }),
    dict({
      'basename': 'Cijk_Alik_Bljk_BBS_BH_UserArgs_MT128x128x64_MI16OqwadHYZL6y9oOsdfr9TBIHUT_rqwES8DbCGi0z1o4c=',
      'err': 0,
    }),
    dict({
      'basename': 'Cijk_Alik_Bljk_BBS_BH_UserArgs_MT128x64x64_MI16xcoalVVQjdld9jR4vwYyin9WAAUT_hr1KflBJLO1tCf8=',
      'err': 0,
    }),
    dict({
      'basename': 'Cijk_Alik_Bljk_BBS_BH_UserArgs_MT128x64x64_MI16xn67z64R_n9dW21qo5-XoinLg4IRossw2roN3uPVQFu4=',
      'err': 0,
    }),
    dict({
      'basename': 'Cijk_Alik_Bljk_BBS_BH_UserArgs_MT32x32x64_MI16x1Uf3bSPcVTyEnZJZOV5DaS4kIjM9EsUMnv-zjL_lV7f4=',
      'err': 0,
    }),
    dict({
      'basename': 'Cijk_Alik_Bljk_BBS_BH_UserArgs_MT32x32x64_MI16x1ZTzFdcvovN1rLN-1oBngyyyG7jhFu7mPwuu4mYcQs80=',
      'err': 0,
    }),
    dict({
      'basename': 'Cijk_Alik_Bljk_BBS_BH_UserArgs_MT64x128x64_MI16x16dvXubJw7axG5YoF2KPZ7w2Anciy2YcvyzWmIXatow=',
      'err': 0,
    }),
    dict({
      'basename': 'Cijk_Alik_Bljk_BBS_BH_UserArgs_MT64x128x64_MI16xXoPZcTLiW59NwY6NWPk5mRM9ocQbQv5bEaV-MYoiCSU=',
      'err': 0,
    }),
  ])
# ---
