# serializer version: 1
# name: test_r2_shiftvector_golden
  list([
    dict({
      'basename': 'Cijk_Ailk_Bjlk_S_B_UserArgs_MT128x64x16_SN_LDSB0sH-JXCLh3dYIQKh2S9-3sK8e-YJXfJBxRDhEAq7cjvc=',
      'err': 0,
    }),
    dict({
      'basename': 'Cijk_Ailk_Bjlk_S_B_UserArgs_MT64x128x16_SN_LDSB0vtvY3ZdWTUU7dpKQ-nw3Krj8AAFPb4XeJtvF1WzVWpY=',
      'err': 0,
    }),
    dict({
      'basename': 'Cijk_Ailk_Bjlk_S_B_UserArgs_MT64x64x16_SN_LDSB0_qhiqbvIc5-BiBghoWhTGWKQsdwkmiO0tSUz2mEkygYA=',
      'err': 0,
    }),
  ])
# ---
