# serializer version: 1
# name: test_r2_solution_gfx942_golden
  list([
    dict({
      'basename': 'Cijk_Alik_Bljk_BBS_BH_Bias_A_S_UserArgs_MT64x16x447EqQAKhHgjmbCxtPk4kjwg_DwVa577jAQYMgNtNec=',
      'err': 0,
    }),
    dict({
      'basename': 'Cijk_Alik_Bljk_BBS_BH_Bias_A_S_UserArgs_MT64x16xKmeIoDdY2LsndhIjTAbGI-UmoheOlhHCRltZBDNBRVQ=',
      'err': 0,
    }),
    dict({
      'basename': 'Cijk_Alik_Bljk_BBS_BH_Bias_A_S_UserArgs_MT64x16xc_DWRLoALWf4g8aVDtbuxSs520zE4LbzQuxDSv-r7bM=',
      'err': 0,
    }),
    dict({
      'basename': 'Cijk_Alik_Bljk_BBS_BH_Bias_A_S_UserArgs_MT64x16xv21MMjZ0uaPycUD4xS5fWzxW5mFOoq_EWwFIAW6woL4=',
      'err': 0,
    }),
  ])
# ---
