# serializer version: 1
# name: test_gfx942_gg_golden
  list([
    dict({
      'basename': 'Cijk_Ailk_Bljk_HHS_BH_Bias_HA_S_UserArgs_MT128x15XQ3ldzb0Gj-JW5fpgaDvnFoXZXwC2jJ7ts_WYAaBbQ=',
      'err': 0,
    }),
    dict({
      'basename': 'Cijk_Ailk_Bljk_HHS_BH_Bias_HA_S_UserArgs_MT128x1V4sU5hUzI65ueBxJPbD47cU_-4EXy4NBLjAW7H7Otbo=',
      'err': 0,
    }),
    dict({
      'basename': 'Cijk_Ailk_Bljk_HHS_BH_Bias_HA_S_UserArgs_MT128x1_7ieeaTpQBNiPeMi-Mmr6aDHQ9_ZOuuDJHHV4vIc9p4=',
      'err': 0,
    }),
    dict({
      'basename': 'Cijk_Ailk_Bljk_HHS_BH_Bias_HA_S_UserArgs_MT128x1i-roPN0Pi4r3SueZWPAt8qCeHxB1PrsHFMbUv4NVgeg=',
      'err': 0,
    }),
  ])
# ---
