# serializer version: 1
# name: test_r3_kwfeat_gfx942_golden
  list([
    dict({
      'basename': 'Cijk_Alik_Bljk_BBS_BH_UserArgs_MT64x16x32_MI16x1jyt_Shin_0G3jXQdccLXvqqR6PGUyOOQBq-qG-h7u50=',
      'err': 0,
    }),
    dict({
      'basename': 'Cijk_Alik_Bljk_BBS_BH_UserArgs_MT64x16x32_MI16x1lA05hKJuKz_SiEdGU8AATfWg9p4MYgN2V0WuDrM2U6A=',
      'err': 0,
    }),
  ])
# ---
