# serializer version: 1
# name: test_r3_kwafeat_gfx942_golden
  list([
    dict({
      'basename': 'Cijk_Ailk_Bjlk_S_B_UserArgs_MT128x128x16_MI16x16AaIzBZDwEuE6vvf8z0p6ygh4OBKjHamW9Qte5kIrZCM=',
      'err': 0,
    }),
    dict({
      'basename': 'Cijk_Ailk_Bjlk_S_B_UserArgs_MT128x128x16_MI16x16oKwm2KTuLJd1dpKxFBQsom3gzhERZkfvpfNjvK40XTs=',
      'err': 0,
    }),
  ])
# ---
