# serializer version: 1
# name: test_gfx942_emit_digests
  list([
    dict({
      'file': 'BBS_BH_Bias_Act.yaml',
      'kernels': list([
        dict({
          'basename': 'Cijk_Ailk_Bljk_BBS_BH_Bias_HA_S_UserArgs_MT256x99Z6jaH0v_fFO9qhITvRhx-Yd82ipyoQwrSut2HbuBug=',
          'err': 0,
        }),
      ]),
    }),
    dict({
      'file': 'DB.yaml',
      'kernels': list([
        dict({
          'basename': 'Cijk_Ailk_Bljk_D_B_UserArgs_MT16x16x16_MI16x16x1zJLu0yxzAEgISruOpFD5haZgtCsa7A4vJJuOulMlKwI=',
          'err': 0,
        }),
        dict({
          'basename': 'Cijk_Ailk_Bljk_D_B_UserArgs_MT16x16x8_MI16x16x1_rDSuy7HIdspYp7s2YARsV_fEIc1pU22QJkDAqkp9CBg=',
          'err': 0,
        }),
      ]),
    }),
    dict({
      'file': 'DTV.yaml',
      'kernels': list([
        dict({
          'basename': 'Cijk_Alik_Bljk_BBS_STA_BH_UserArgs_MT512x128x64_mYpxOvJLVgHV31T_ZwGQZrh4MtCzWxFZmIufJiZLkbM=',
          'err': 0,
        }),
      ]),
    }),
    dict({
      'file': 'F8N_multi.yaml',
      'kernels': list([
        dict({
          'basename': 'Cijk_Alik_Bljk_F8NF8NS_BH_Bias_H_AuxH_AmaxD_HA_S1BnPqvhtz5EFN5QDsmchoE0tFLGmSU25f8TCh0LCW-I=',
          'err': 0,
        }),
        dict({
          'basename': 'Cijk_Alik_Bljk_F8NF8NS_BH_Bias_H_AuxH_AmaxD_HA_Sk4AbKeDUBs7SO59tBJ77cq4oZoQcP0lWwJrNsliRL3I=',
          'err': 0,
        }),
        dict({
          'basename': 'Cijk_Alik_Bljk_F8NF8NS_BH_Bias_H_AuxH_AmaxD_HA_SnQ1HzszjxLb5K5nkr3tzBd5jQy_9G35G-TDReKvAGQg=',
          'err': 0,
        }),
        dict({
          'basename': 'Cijk_Alik_Bljk_F8NF8NS_BH_Bias_H_AuxH_AmaxD_HA_SsG8p9DXJJhB_0K5sGBQDeLtklpz4cwES52qb5043CyY=',
          'err': 0,
        }),
      ]),
    }),
    dict({
      'file': 'GG.yaml',
      'kernels': list([
        dict({
          'basename': 'Cijk_Ailk_Bjlk_HSS_BH_Bias_HA_S_SAV_UserArgs_MT1DhULj272KYc7lfB4Ax3LN32X2SR9VM562W-m6RTsoo0=',
          'err': 0,
        }),
      ]),
    }),
    dict({
      'file': 'GSU.yaml',
      'kernels': list([
        dict({
          'basename': 'Cijk_Ailk_Bljk_D_B_UserArgs_MT16x16x16_MI16x16x1zJLu0yxzAEgISruOpFD5haZgtCsa7A4vJJuOulMlKwI=',
          'err': 0,
        }),
        dict({
          'basename': 'Cijk_Ailk_Bljk_D_B_UserArgs_MT16x16x8_MI16x16x1_rDSuy7HIdspYp7s2YARsV_fEIc1pU22QJkDAqkp9CBg=',
          'err': 0,
        }),
      ]),
    }),
    dict({
      'file': 'Grad.yaml',
      'kernels': list([
        dict({
          'basename': 'Cijk_Ailk_Bjlk_S_B_Bias_D_GradS_HA_S_SAV_UserArgjWYmkdfZWo8ffh_Zt2h7IQ2BaPmKwl9xK3mxXz1INSI=',
          'err': 0,
        }),
      ]),
    }),
    dict({
      'file': 'HHS_BH_Bias_GG.yaml',
      'kernels': list([
        dict({
          'basename': 'Cijk_Ailk_Bjlk_HHS_BH_Bias_HA_S_SAV_UserArgs_MT1dwH9p-2PbCfD0ujqLLn95yOVmbMwjSfvnr9-CCPMkpc=',
          'err': 0,
        }),
      ]),
    }),
    dict({
      'file': 'HSS_BH_Bias.yaml',
      'kernels': list([
        dict({
          'basename': 'Cijk_Alik_Bjlk_HSS_BH_Bias_HA_S_SAV_UserArgs_MT32ySurqgxHJUzJBrUsklqgeea3YgUDimsaZh_gxCrtns=',
          'err': 0,
        }),
      ]),
    }),
    dict({
      'file': 'LSU_MX.yaml',
      'kernels': list([
        dict({
          'basename': 'Cijk_Alik_Bjlk_S_MX_B_Bias_HA_S_SAV_UserArgs_MT11IHkIHeFo0uysEyy7vkYJKOYhMqFMMsMlKxHtIRpsL8=',
          'err': 0,
        }),
        dict({
          'basename': 'Cijk_Alik_Bjlk_S_MX_B_Bias_HA_S_SAV_UserArgs_MT1EjxgpYBWO5Ls71yY2OsZ-JObEqQ359N9mUKAmme4wL0=',
          'err': 0,
        }),
      ]),
    }),
    dict({
      'file': 'MX.yaml',
      'kernels': list([
        dict({
          'basename': 'Cijk_Ailk_Bljk_S_MX_B_Bias_HA_S_SAV_UserArgs_MT3HevZweQh3ODHA2EfzPwMMPrS1x8sJ05FWkpxJ65954g=',
          'err': 0,
        }),
      ]),
    }),
    dict({
      'file': 'SB_Bias_Aux.yaml',
      'kernels': list([
        dict({
          'basename': 'Cijk_Ailk_Bjlk_S_B_Bias_AuxS_HA_S_SAV_UserArgs_MEMvYeZl1VV7bcRv7CCtRvlS9LTFiFORy7kWmGP34SAg=',
          'err': 0,
        }),
      ]),
    }),
  ])
# ---
