# serializer version: 1
# name: test_r2_streamk_gfx942_golden
  list([
    dict({
      'basename': 'Cijk_Ailk_Bjlk_S_B_UserArgs_MT128x128x16_MI16x16856_2D2HP8KbZP-BC9GRBXx82PjxhO-sogCEDlJTlno=',
      'err': 0,
    }),
    dict({
      'basename': 'Cijk_Ailk_Bjlk_S_B_UserArgs_MT128x128x16_MI16x16856_2D2HP8KbZP-BC9GRBXx82PjxhO-sogCEDlJTlno=',
      'err': 0,
    }),
    dict({
      'basename': 'Cijk_Ailk_Bjlk_S_B_UserArgs_MT128x128x16_MI16x16PHbOHE2Ve_-7UDfqH5_7TtoWYdpy51wuNp4xUBgPOPY=',
      'err': 0,
    }),
    dict({
      'basename': 'Cijk_Ailk_Bjlk_S_B_UserArgs_MT128x128x16_MI16x16PHbOHE2Ve_-7UDfqH5_7TtoWYdpy51wuNp4xUBgPOPY=',
      'err': 0,
    }),
    dict({
      'basename': 'Cijk_Ailk_Bjlk_S_B_UserArgs_MT128x128x16_MI16x16mL_jfdt6SgvSzYGOBy85cZd_eKA80qv1fIy_vXboTew=',
      'err': 0,
    }),
    dict({
      'basename': 'Cijk_Ailk_Bjlk_S_B_UserArgs_MT128x128x16_MI16x16mL_jfdt6SgvSzYGOBy85cZd_eKA80qv1fIy_vXboTew=',
      'err': 0,
    }),
  ])
# ---
