# serializer version: 1
# name: test_gfx942_emit_digests
  list([
    dict({
      'file': 'BBS_BH_Bias_Act.yaml',
      'kernels': list([
        dict({
          'basename': 'Cijk_Ailk_Bljk_BBS_BH_Bias_HA_S_UserArgs_MT256x9GbJ5bUi3pNo8K_ylBPLYfCv5eMB8v6Hlf-IZqjQIlcY=',
          'err': 0,
        }),
      ]),
    }),
    dict({
      'file': 'DB.yaml',
      'kernels': list([
        dict({
          'basename': 'Cijk_Ailk_Bljk_D_B_UserArgs_MT16x16x16_MI16x16x11397V8DF6OIzsDlEZPyYVwqD2ZM5y5z1iuFD9CHWYJM=',
          'err': 0,
        }),
        dict({
          'basename': 'Cijk_Ailk_Bljk_D_B_UserArgs_MT16x16x8_MI16x16x1_O5z4CYRMDQ7OSzFx9wHAeJlbhDkYJySuXYsyEQr5r0Q=',
          'err': 0,
        }),
      ]),
    }),
    dict({
      'file': 'DTV.yaml',
      'kernels': list([
        dict({
          'basename': 'Cijk_Alik_Bljk_BBS_STA_BH_UserArgs_MT512x128x64_RBAEInewdWucrYVq4_02laIzfUIBhut3Of2bl-AYJ0A=',
          'err': 0,
        }),
      ]),
    }),
    dict({
      'file': 'F8N_multi.yaml',
      'kernels': list([
        dict({
          'basename': 'Cijk_Alik_Bljk_F8NF8NS_BH_Bias_H_AuxH_AmaxD_HA_SO7zsxuBzrqavKXLZL_fXAvpVjMTsrX23JNDUYFMdiBo=',
          'err': 0,
        }),
        dict({
          'basename': 'Cijk_Alik_Bljk_F8NF8NS_BH_Bias_H_AuxH_AmaxD_HA_S_LUYNUoeivsyy-KSdckWHjLK4VQ7m4rnWKIGpsEpuws=',
          'err': 0,
        }),
        dict({
          'basename': 'Cijk_Alik_Bljk_F8NF8NS_BH_Bias_H_AuxH_AmaxD_HA_SemT01D7qbARcXfcvv-L5hHwd4NwevH5X_nZe51Yasto=',
          'err': 0,
        }),
        dict({
          'basename': 'Cijk_Alik_Bljk_F8NF8NS_BH_Bias_H_AuxH_AmaxD_HA_SiY-W1Hz-qiHEY1LXIrL_OKA86MEZUOebmOH6p1wlcnE=',
          'err': 0,
        }),
      ]),
    }),
    dict({
      'file': 'GG.yaml',
      'kernels': list([
        dict({
          'basename': 'Cijk_Ailk_Bjlk_HSS_BH_Bias_HA_S_SAV_UserArgs_MT1j2qKTQML63oW36kPp4HbXRmlIf4FCv_rhaduDr8xnMI=',
          'err': 0,
        }),
      ]),
    }),
    dict({
      'file': 'GSU.yaml',
      'kernels': list([
        dict({
          'basename': 'Cijk_Ailk_Bljk_D_B_UserArgs_MT16x16x16_MI16x16x11397V8DF6OIzsDlEZPyYVwqD2ZM5y5z1iuFD9CHWYJM=',
          'err': 0,
        }),
        dict({
          'basename': 'Cijk_Ailk_Bljk_D_B_UserArgs_MT16x16x8_MI16x16x1_O5z4CYRMDQ7OSzFx9wHAeJlbhDkYJySuXYsyEQr5r0Q=',
          'err': 0,
        }),
      ]),
    }),
    dict({
      'file': 'Grad.yaml',
      'kernels': list([
        dict({
          'basename': 'Cijk_Ailk_Bjlk_S_B_Bias_D_GradS_HA_S_SAV_UserArg3v43_ljAdLhQtiEhC_vah8awd66m36A-KOA3s9AVrnI=',
          'err': 0,
        }),
      ]),
    }),
    dict({
      'file': 'HHS_BH_Bias_GG.yaml',
      'kernels': list([
        dict({
          'basename': 'Cijk_Ailk_Bjlk_HHS_BH_Bias_HA_S_SAV_UserArgs_MT1FfUbKddKdBaPMVsDjHp5ipwGWj60PTZJ6TefS5jVBTo=',
          'err': 0,
        }),
      ]),
    }),
    dict({
      'file': 'HSS_BH_Bias.yaml',
      'kernels': list([
        dict({
          'basename': 'Cijk_Alik_Bjlk_HSS_BH_Bias_HA_S_SAV_UserArgs_MT3OS2t9wtkZ7mCFn0OigBWTdwacIIVVPcisSuJ0Np-VXc=',
          'err': 0,
        }),
      ]),
    }),
    dict({
      'file': 'LSU_MX.yaml',
      'kernels': list([
        dict({
          'basename': 'Cijk_Alik_Bjlk_S_MX_B_Bias_HA_S_SAV_UserArgs_MT1huCMIzwGsyZf0IRhx_p0MvFnpSTlH4ZdJAZ8_G1brXo=',
          'err': 0,
        }),
        dict({
          'basename': 'Cijk_Alik_Bjlk_S_MX_B_Bias_HA_S_SAV_UserArgs_MT1jCwV5Db0ek10kjso6AdclklPJUiTu7E9PE3i_-zeZlA=',
          'err': 0,
        }),
      ]),
    }),
    dict({
      'file': 'MX.yaml',
      'kernels': list([
        dict({
          'basename': 'Cijk_Ailk_Bljk_S_MX_B_Bias_HA_S_SAV_UserArgs_MT3g-cNYQjOafZVVbrQmiYMFf5y7bqOYUsT9mh9CT7WpZI=',
          'err': 0,
        }),
      ]),
    }),
    dict({
      'file': 'SB_Bias_Aux.yaml',
      'kernels': list([
        dict({
          'basename': 'Cijk_Ailk_Bjlk_S_B_Bias_AuxS_HA_S_SAV_UserArgs_MjlSMlDx1y-_7H7ASXVIRBvTGcxUwSZaO5erFlCj5qfM=',
          'err': 0,
        }),
      ]),
    }),
  ])
# ---
