# serializer version: 1
# name: test_r3_gsu_on_golden
  list([
    dict({
      'basename': 'Cijk_Ailk_Bljk_S_B_UserArgs_MT16x16x32_MI16x16x1ZIW7irZVzou-qh9vvAumAOOj1r9zbKIK58BtIcE7yDs=',
      'err': 0,
    }),
    dict({
      'basename': 'Cijk_Ailk_Bljk_S_B_UserArgs_MT16x16x32_MI16x16x1qWnFtA1nO6cEP6HPaxFrBkKtLfkIZdBbSxRNedN6w34=',
      'err': 0,
    }),
  ])
# ---
