# serializer version: 1
# name: test_gfx1201_emit_digests
  list([
    dict({
      'file': 'B8B8S.yaml',
      'kernels': list([
        dict({
          'basename': 'Cijk_Alik_Bljk_B8B8S_BH_Bias_HA_S_SAV_UserArgs_MEB9-nJvK7gvpah7ULSG2ORxb1n5xuDRD6fbPCiDlimw=',
          'err': 0,
        }),
      ]),
    }),
    dict({
      'file': 'BBS.yaml',
      'kernels': list([
        dict({
          'basename': 'Cijk_Alik_Bljk_BBS_BH_Bias_SH_HA_S_SAV_UserArgs_iNTaCK0SgZxFMd29xvthd3DVQVeAJB_w3cbOfZemDTg=',
          'err': 0,
        }),
      ]),
    }),
    dict({
      'file': 'HHS.yaml',
      'kernels': list([
        dict({
          'basename': 'Cijk_Alik_Bljk_HHS_BH_Bias_HA_S_SAV_UserArgs_MT1nUFdvWWLKYhGY0M8cMqZY-k1m0BIpGwOW3NUC-ifD58=',
          'err': 0,
        }),
      ]),
    }),
    dict({
      'file': 'HSS.yaml',
      'kernels': list([
        dict({
          'basename': 'Cijk_Alik_Bljk_HSS_BH_Bias_HA_S_SAV_UserArgs_MT1nUFdvWWLKYhGY0M8cMqZY-k1m0BIpGwOW3NUC-ifD58=',
          'err': 0,
        }),
      ]),
    }),
  ])
# ---
