# serializer version: 1
# name: test_r4_shiftvector2_golden
  list([
    dict({
      'basename': 'Cijk_Ailk_Bjlk_S_B_UserArgs_MT128x64x16_SN_LDSB0_m8KnuJM8bxs0ZxEdGO9CdkXUnaJ6PI_iwU01_zYQLs=',
      'err': 0,
    }),
    dict({
      'basename': 'Cijk_Ailk_Bjlk_S_B_UserArgs_MT64x128x16_SN_LDSB0ZipCF56AgYIiW2_828YIqqhyG94FqTPSZvaxiBtrGEM=',
      'err': 0,
    }),
    dict({
      'basename': 'Cijk_Ailk_Bjlk_S_B_UserArgs_MT64x64x16_SN_LDSB0_CiXkti3-vriks8cKWXcsByJsB8xH-uIy0eOEnh04r7c=',
      'err': 0,
    }),
  ])
# ---
