# serializer version: 1
# name: test_r3_kwfeat_gfx942_golden
  list([
    dict({
      'basename': 'Cijk_Alik_Bljk_BBS_BH_UserArgs_MT64x16x32_MI16x10lVf55swqO3Cws0KLpdEuvFpwrnVjoHkplbsqEBrLW0=',
      'err': 0,
    }),
    dict({
      'basename': 'Cijk_Alik_Bljk_BBS_BH_UserArgs_MT64x16x32_MI16x1G5EAWc5B1EEGH4dsGaxPc2IPFo0tL3X8bqlZ4CwHIWA=',
      'err': 0,
    }),
  ])
# ---
