# serializer version: 1
# name: test_r2_streamk_gfx942_golden
  list([
    dict({
      'basename': 'Cijk_Ailk_Bjlk_S_B_UserArgs_MT128x128x16_MI16x160xHV58gsi_NgQol7NPmKeoTkTmPBC-8D3iWk8zmF_ho=',
      'err': 0,
    }),
    dict({
      'basename': 'Cijk_Ailk_Bjlk_S_B_UserArgs_MT128x128x16_MI16x160xHV58gsi_NgQol7NPmKeoTkTmPBC-8D3iWk8zmF_ho=',
      'err': 0,
    }),
    dict({
      'basename': 'Cijk_Ailk_Bjlk_S_B_UserArgs_MT128x128x16_MI16x16K9xN6qexZjSVlhbT37m-0oTcvEF1ZbKeSVvP4sPLMxQ=',
      'err': 0,
    }),
    dict({
      'basename': 'Cijk_Ailk_Bjlk_S_B_UserArgs_MT128x128x16_MI16x16K9xN6qexZjSVlhbT37m-0oTcvEF1ZbKeSVvP4sPLMxQ=',
      'err': 0,
    }),
    dict({
      'basename': 'Cijk_Ailk_Bjlk_S_B_UserArgs_MT128x128x16_MI16x16qjZAWgHA0xsa8UW2z7oDWta6knEbfzs3018uitNq9GQ=',
      'err': 0,
    }),
    dict({
      'basename': 'Cijk_Ailk_Bjlk_S_B_UserArgs_MT128x128x16_MI16x16qjZAWgHA0xsa8UW2z7oDWta6knEbfzs3018uitNq9GQ=',
      'err': 0,
    }),
  ])
# ---
