# serializer version: 1
# name: test_r2_wgm_gfx942_golden
  list([
    dict({
      'basename': 'Cijk_Alik_Bljk_BBS_BH_Bias_A_S_UserArgs_MT64x16x7jPba_5IpZpGwjvDAc32sxvGVWrJVjOm8bhlERkWWzw=',
      'err': 0,
    }),
    dict({
      'basename': 'Cijk_Alik_Bljk_BBS_BH_Bias_A_S_UserArgs_MT64x16xLudqSYpN4x95jtNnLtVqQjWt6-YrSj5VfcYccrUUlNY=',
      'err': 0,
    }),
    dict({
      'basename': 'Cijk_Alik_Bljk_BBS_BH_Bias_A_S_UserArgs_MT64x16xYOcvOt09Wch_lYj__S2HpxVOW91UAu0vbqPIvJu295g=',
      'err': 0,
    }),
    dict({
      'basename': 'Cijk_Alik_Bljk_BBS_BH_Bias_A_S_UserArgs_MT64x16xrBD6p64ajH9qQvTIPcokQM4tK5g_4pBSJU-fPIjRoXA=',
      'err': 0,
    }),
    dict({
      'basename': 'Cijk_Alik_Bljk_BBS_BH_Bias_A_S_UserArgs_MT64x16xxcZZ7o3RrfPcFrFnLnf7V4I_GvcNjz3GeYAVHO4nI_A=',
      'err': 0,
    }),
  ])
# ---
