# serializer version: 1
# name: test_gfx1250_emit_digests
  list([
    dict({
      'file': 'BBS.yaml',
      'kernels': list([
        dict({
          'basename': 'Cijk_Ailk_Bjlk_BBS_BH_Bias_A_UserArgs_MT16x16x32_C9fvH4v0Y4VdwAx8knp1eG3VUEEX4DQgVFtMz5ilhM=',
          'err': 0,
        }),
      ]),
    }),
    dict({
      'file': 'F4_MX.yaml',
      'kernels': list([
        dict({
          'basename': 'Cijk_Alik_Bljk_F4BS_MXAE8B32_MXBE8B32_BH_Bias_HA5L6HfAeFi3Z3S4LbHLnieXrlJ0jyU-HmwQrK-9IiLBA=',
          'err': 0,
        }),
      ]),
    }),
    dict({
      'file': 'HHS.yaml',
      'kernels': list([
        dict({
          'basename': 'Cijk_Ailk_Bjlk_HHS_BH_Bias_A_UserArgs_MT16x16x32_C9fvH4v0Y4VdwAx8knp1eG3VUEEX4DQgVFtMz5ilhM=',
          'err': 0,
        }),
      ]),
    }),
    dict({
      'file': 'SB.yaml',
      'kernels': list([
        dict({
          'basename': 'Cijk_Ailk_Bjlk_S_MX_B_Bias_SB_HA_S_SAB_SAV_UserAERiT9D5MuUYqwrABu2RJ_DedAyXZ4ill2OoieDsu8_s=',
          'err': 0,
        }),
      ]),
    }),
  ])
# ---
