# serializer version: 1
# name: test_r4_shiftvector2_golden
  list([
    dict({
      'basename': 'Cijk_Ailk_Bjlk_S_B_UserArgs_MT128x64x16_SN_LDSB074Y0XQWdCZ8qIKvbOGThxuygkQ7ocA_cfQ5lTlgJbk4=',
      'err': 0,
    }),
    dict({
      'basename': 'Cijk_Ailk_Bjlk_S_B_UserArgs_MT64x128x16_SN_LDSB0fmmbnF_ezaemd0YfozFEDpayEmnz5_AZ9G-QjBpRwCM=',
      'err': 0,
    }),
    dict({
      'basename': 'Cijk_Ailk_Bjlk_S_B_UserArgs_MT64x64x16_SN_LDSB0_KhBrRNTdN2H1MO6vGnuSQyCscf4i23mmCGg4qgxtPkc=',
      'err': 0,
    }),
  ])
# ---
