# serializer version: 1
# name: test_r3_streamk_gfx1250_golden
  list([
    dict({
      'basename': 'Cijk_Alik_Bljk_F8SS_MXAE8B32_MXBE8B32_BH_UserArgE5hOdN-we8AV4VAa0kydBvKvuoz79DQCFkPoo22PpLA=',
      'err': 0,
    }),
    dict({
      'basename': 'Cijk_Alik_Bljk_F8SS_MXAE8B32_MXBE8B32_BH_UserArgZfAnK_8s-eMsIC-O-Jk5-_lPcGQHKTalhzQN_hsVnOM=',
      'err': 0,
    }),
    dict({
      'basename': 'Cijk_Alik_Bljk_F8SS_MXAE8B32_MXBE8B32_BH_UserArghzU-sv1K9cFJ0ouXfhzJUS5zkKsa2PBz8gWYy7gVIbM=',
      'err': 0,
    }),
  ])
# ---
