# serializer version: 1
# name: test_r2_shiftvector_golden
  list([
    dict({
      'basename': 'Cijk_Ailk_Bjlk_S_B_UserArgs_MT128x64x16_SN_LDSB0lCzWGOCTQBMzSpC20-Xz7LqLXAF6PlZ7qJnbsdlJPZA=',
      'err': 0,
    }),
    dict({
      'basename': 'Cijk_Ailk_Bjlk_S_B_UserArgs_MT64x128x16_SN_LDSB0znVp7vUMphvaaSgudxTQfONUfZdMkhTj5pYlWftXwK8=',
      'err': 0,
    }),
    dict({
      'basename': 'Cijk_Ailk_Bjlk_S_B_UserArgs_MT64x64x16_SN_LDSB0_DQ0NfvivhGArv9GT2lUninx-ZyPoWenWs64rV4kjqxc=',
      'err': 0,
    }),
  ])
# ---
