# serializer version: 1
# name: test_gfx90a_emit_digests
  list([
    dict({
      'file': 'BBS.yaml',
      'kernels': list([
        dict({
          'basename': 'Cijk_Alik_Bjlk_BBS_BH_Bias_HA_S_SAV_UserArgs_MT3gJC-VTXOuQb6ehNkPY8Uf8LRn__meO2IbRgGsjnTv2c=',
          'err': 0,
        }),
      ]),
    }),
    dict({
      'file': 'DB.yaml',
      'kernels': list([
        dict({
          'basename': 'Cijk_Ailk_Bjlk_D_B_UserArgs_MT16x16x16_MI16x16x1H4yuIbkyOeGFNJEQDX-Xk05Yd0KTX3lpHXsDBlc42Bs=',
          'err': 0,
        }),
        dict({
          'basename': 'Cijk_Ailk_Bjlk_D_B_UserArgs_MT16x16x8_MI16x16x1_lMp4URIfbimqQ6dSrP7kKCp-2QelMc0RbLHxWgV_osg=',
          'err': 0,
        }),
      ]),
    }),
    dict({
      'file': 'HHS.yaml',
      'kernels': list([
        dict({
          'basename': 'Cijk_Alik_Bjlk_HHS_BH_Bias_HA_S_SAV_UserArgs_MT3gJC-VTXOuQb6ehNkPY8Uf8LRn__meO2IbRgGsjnTv2c=',
          'err': 0,
        }),
      ]),
    }),
    dict({
      'file': 'HSS.yaml',
      'kernels': list([
        dict({
          'basename': 'Cijk_Alik_Bjlk_HSS_BH_Bias_HA_S_SAV_UserArgs_MT3gJC-VTXOuQb6ehNkPY8Uf8LRn__meO2IbRgGsjnTv2c=',
          'err': 0,
        }),
      ]),
    }),
    dict({
      'file': 'SB.yaml',
      'kernels': list([
        dict({
          'basename': 'Cijk_Alik_Bjlk_S_B_Bias_HA_S_SAV_UserArgs_MT32x31Vwvb5ubQTwjqTtco5-T91IIPBvtKX7njerSEL-7mxE=',
          'err': 0,
        }),
      ]),
    }),
  ])
# ---
