# serializer version: 1
# name: test_gfx950_bbs_golden
  list([
    dict({
      'basename': 'Cijk_Alik_Bljk_BBS_BH_Bias_HA_S_UserArgs_MT64x16J1hjuComZBn8ynD3nMST543ZRWQnrP_CrC6IMMrzFgI=',
      'err': 0,
    }),
    dict({
      'basename': 'Cijk_Alik_Bljk_BBS_BH_Bias_HA_S_UserArgs_MT64x16YbxrsWR0Ay1gm4YdA--tYN3aj5AK4N1xZpWdnrwMB_A=',
      'err': 0,
    }),
  ])
# ---
