# serializer version: 1
# name: test_r3_kwafeat_gfx942_golden
  list([
    dict({
      'basename': 'Cijk_Ailk_Bjlk_S_B_UserArgs_MT128x128x16_MI16x16-dOcFFs5eX09CgCZdnDMaxbKhMYm_x6sp4bYH7LPNC4=',
      'err': 0,
    }),
    dict({
      'basename': 'Cijk_Ailk_Bjlk_S_B_UserArgs_MT128x128x16_MI16x161Z2jkqCvCW6I5GQ5AzsSAJK1FlxiHXLJ6mSiLVwbyKU=',
      'err': 0,
    }),
  ])
# ---
