# serializer version: 1
# name: test_r2_gsu_golden
  list([
    dict({
      'basename': 'Cijk_Alik_Bljk_BBS_BH_Bias_A_S_UserArgs_MT64x16xDDPE76Wrk6frH0ldK4JqXVsJp-06cw9vDHuyLJFXnlc=',
      'err': 0,
    }),
    dict({
      'basename': 'Cijk_Alik_Bljk_BBS_BH_Bias_A_S_UserArgs_MT64x16xQIpoCoeqZrBWvAis9UsjdQrJIg5ynGpCSy0Xt5ofq_o=',
      'err': 0,
    }),
  ])
# ---
