# serializer version: 1
# name: test_r3_subtile_lr_fp8_gfx950_golden
  list([
    dict({
      'basename': 'Cijk_Alik_Bljk_F8SS_BH_UserArgs_MT128x128x256_MIoDxgl1aaBul3_12uagjRBk74pae13ZptOXQuPvTBQM0=',
      'err': 0,
    }),
    dict({
      'basename': 'Cijk_Alik_Bljk_F8SS_BH_UserArgs_MT64x64x256_MI166BsEZUZyLE5ZC-6lhVdLOOd_xl1L_fzXhBF0ChGBPw8=',
      'err': 0,
    }),
  ])
# ---
