# serializer version: 1
# name: test_gfx908_emit_digests
  list([
    dict({
      'file': 'BBS.yaml',
      'kernels': list([
        dict({
          'basename': 'Cijk_Ailk_Bljk_BBS_BH_Bias_HA_S_SAV_MT64x16x32_M07orm7M12qwyas_uyrCbEhsQJapqhmh7o1flS6B724g=',
          'err': 0,
        }),
      ]),
    }),
    dict({
      'file': 'HHS.yaml',
      'kernels': list([
        dict({
          'basename': 'Cijk_Ailk_Bljk_HHS_BH_Bias_HA_S_SAV_UserArgs_MT6rNyMoPPOtvh1FNxIAjrXsNEhOIvKj0POlyvZidFVtcU=',
          'err': 0,
        }),
      ]),
    }),
    dict({
      'file': 'HSS.yaml',
      'kernels': list([
        dict({
          'basename': 'Cijk_Ailk_Bjlk_HSS_BH_Bias_HA_S_SAV_UserArgs_MT1MivaD2EzLLlP9dcsdyhD9uEsn5tw0S9uz4GGPmcHKQM=',
          'err': 0,
        }),
      ]),
    }),
    dict({
      'file': 'SB.yaml',
      'kernels': list([
        dict({
          'basename': 'Cijk_Alik_Bjlk_S_B_Bias_HA_S_SAV_UserArgs_MT32x3V6-LfcHTQCPQMARJM_rsOYUC-4FLABwVSIuPqk6zN9k=',
          'err': 0,
        }),
      ]),
    }),
  ])
# ---
