# serializer version: 1
# name: test_gfx90a_hhs_golden
  list([
    dict({
      'basename': 'Cijk_Alik_Bljk_HHS_BH_Bias_A_S_UserArgs_MT64x16xdIEqp-2AFSpbWYGkFRZ1FRFGRsevfaU8SShXwJkdXtM=',
      'err': 0,
    }),
    dict({
      'basename': 'Cijk_Alik_Bljk_HHS_BH_Bias_A_S_UserArgs_MT64x16xmGiE8qk8K8rOoqyKPmnCETwgPw4z13YmjhA8QlzCpv8=',
      'err': 0,
    }),
  ])
# ---
