# serializer version: 1
# name: test_r2_gsu_golden
  list([
    dict({
      'basename': 'Cijk_Alik_Bljk_BBS_BH_Bias_A_S_UserArgs_MT64x16x7Zj6Hz8AaBAwVyUqP6m_gm_pSBDp6bCD99NBVr-_eUQ=',
      'err': 0,
    }),
    dict({
      'basename': 'Cijk_Alik_Bljk_BBS_BH_Bias_A_S_UserArgs_MT64x16xv21MMjZ0uaPycUD4xS5fWzxW5mFOoq_EWwFIAW6woL4=',
      'err': 0,
    }),
  ])
# ---
