# serializer version: 1
# name: test_gfx950_dominant_golden
  list([
    dict({
      'basename': 'Cijk_Alik_Bljk_F8HS_BH_UserArgs_MT64x64x128_MI163KwMd4yCCfSEdlQ5Q9Km4KySjxJGTtLr9z5mO7AXzIo=',
      'err': 0,
    }),
    dict({
      'basename': 'Cijk_Alik_Bljk_F8HS_BH_UserArgs_MT64x64x128_MI32k3Ou03nJpF1A4gaILG_QPDWaCmOlFWmJaebbqhH3smc=',
      'err': 0,
    }),
  ])
# ---
