# serializer version: 1
# name: test_gfx950_dtl_golden
  list([
    dict({
      'basename': 'Cijk_Alik_Bljk_S_B_UserArgs_MT16x16x32_MI16x16x19mOxy82CCcJe-pTUAnUtfCEjuVEv1Y70UPyxOnhLe0M=',
      'err': 0,
    }),
    dict({
      'basename': 'Cijk_Alik_Bljk_S_B_UserArgs_MT16x16x32_MI16x16x1GRkNenOt30E3Le-oN2CbmE5vx_ID5UJR1bSyJJpqWpI=',
      'err': 0,
    }),
    dict({
      'basename': 'Cijk_Alik_Bljk_S_B_UserArgs_MT16x16x32_MI16x16x1JZm267ppaTdLe-mJZLYCBYTN2qHnj7shLlpuPKF3vnE=',
      'err': 0,
    }),
    dict({
      'basename': 'Cijk_Alik_Bljk_S_B_UserArgs_MT16x16x32_MI16x16x1pChUpcP_pBUJBDnCqw8Zl2eXZThMNqH0hm180pro2LI=',
      'err': 0,
    }),
  ])
# ---
