# serializer version: 1
# name: test_r3_streamk_gfx1250_golden
  list([
    dict({
      'basename': 'Cijk_Alik_Bljk_F8SS_MXAE8B32_MXBE8B32_BH_UserArgIqPlcjVbpDDPsqJyH-EJ7Oka1sEqQLLqtGoIpCHrIKE=',
      'err': 0,
    }),
    dict({
      'basename': 'Cijk_Alik_Bljk_F8SS_MXAE8B32_MXBE8B32_BH_UserArgRq5ZQ61HjJjH9CyCnfrgPnwPmQCGz6Rcaxhy3nbtR0E=',
      'err': 0,
    }),
    dict({
      'basename': 'Cijk_Alik_Bljk_F8SS_MXAE8B32_MXBE8B32_BH_UserArgfd071MReE0pUVZMZI1XnCXoujLMpLOXQpjE-PttaWeE=',
      'err': 0,
    }),
  ])
# ---
