# serializer version: 1
# name: test_r3_subtile_lr_fp8_gfx950_golden
  list([
    dict({
      'basename': 'Cijk_Alik_Bljk_F8SS_BH_UserArgs_MT128x128x256_MIB7SKM2s7EMOKiUU3KDIwA25C29gDx_LEAOI3U3EFHvY=',
      'err': 0,
    }),
    dict({
      'basename': 'Cijk_Alik_Bljk_F8SS_BH_UserArgs_MT64x64x256_MI160fJQ96A3O_tfjjH6rwdrGhi-JAFndgnNX13eqjVFuOM=',
      'err': 0,
    }),
  ])
# ---
