# serializer version: 1
# name: test_gfx950_hhs_golden
  list([
    dict({
      'basename': 'Cijk_Alik_Bljk_HHS_BH_Bias_A_S_UserArgs_MT64x16xNGrRN8Ixd2LmpfLrYeJ60I0abw9xakxdLe4E4Mq8cCc=',
      'err': 0,
    }),
    dict({
      'basename': 'Cijk_Alik_Bljk_HHS_BH_Bias_A_S_UserArgs_MT64x16xNPAx4Kxny0LKRn2o2e5XbVBhw3pj5kWPX5cQUr2I9To=',
      'err': 0,
    }),
  ])
# ---
