# serializer version: 1
# name: test_r2_shiftvector_golden
  list([
    dict({
      'basename': 'Cijk_Ailk_Bjlk_S_B_UserArgs_MT128x64x16_SN_LDSB0NhOUiLflxjSkrvvyLNhf5lZ3nrlS-9FIh-uKt39qm9Y=',
      'err': 0,
    }),
    dict({
      'basename': 'Cijk_Ailk_Bjlk_S_B_UserArgs_MT64x128x16_SN_LDSB0yn1f9q3PVSfpWtu1S-vGgiAo2_HrEKuZ1BTcxMNxGvA=',
      'err': 0,
    }),
    dict({
      'basename': 'Cijk_Ailk_Bjlk_S_B_UserArgs_MT64x64x16_SN_LDSB0_sJ3Xkbq0R9H7FDumhn3-c6hR37UcmLrdUbMBBiWfE_8=',
      'err': 0,
    }),
  ])
# ---
