# serializer version: 1
# name: test_gfx950_bbs_golden
  list([
    dict({
      'basename': 'Cijk_Alik_Bljk_BBS_BH_Bias_HA_S_UserArgs_MT64x161m0jTQefkqSAv3OZYxyLzSiWVndKlObrnPeyG6j-66I=',
      'err': 0,
    }),
    dict({
      'basename': 'Cijk_Alik_Bljk_BBS_BH_Bias_HA_S_UserArgs_MT64x16o_GJOcaIRREt9zcrDBGHFa-HoJJ1_mUSKPnQ27bwgto=',
      'err': 0,
    }),
  ])
# ---
