# serializer version: 1
# name: test_r2_lra_gfx942_golden
  list([
    dict({
      'basename': 'Cijk_Alik_Bjlk_HHS_BH_UserArgs_MT16x8x64_SN_LDSB9NtGZHsT5bQSN2l8S3_3gC-56oaeB4XHL9t-qrhyAwA=',
      'err': 0,
    }),
    dict({
      'basename': 'Cijk_Alik_Bjlk_HHS_BH_UserArgs_MT64x4x64_SN_LDSBFOHV0TiKpPf-MC4Mpb5tAJ8dPGBKf1WnY991FRMN9BY=',
      'err': 0,
    }),
  ])
# ---
