# serializer version: 1
# name: test_r2_mac_hhs_dot2_golden
  list([
    dict({
      'basename': 'Cijk_Alik_Bljk_HHS_BH_UserArgs_MT16x32x16_SN_LDSaOL1La5NFJT5CfyQr1C_C-m155o7T6Pna05MYAlADLo=',
      'err': 0,
    }),
    dict({
      'basename': 'Cijk_Alik_Bljk_HHS_BH_UserArgs_MT16x64x16_SN_LDSUA3WQv5YyYsk1SBc3F5WnBlIOGNVme5Gc9yP6YOhTVo=',
      'err': 0,
    }),
    dict({
      'basename': 'Cijk_Alik_Bljk_HHS_BH_UserArgs_MT32x32x16_SN_LDS-zQzYC8dJUnI6RFxBXQdLD4WFQgghjwBtT1sb8sOkt0=',
      'err': 0,
    }),
    dict({
      'basename': 'Cijk_Alik_Bljk_HHS_BH_UserArgs_MT32x64x16_SN_LDSDEsTu5VuxBsTywzb1VWJQ83mv8oqRCrzy97P84Qbl1c=',
      'err': 0,
    }),
    dict({
      'basename': 'Cijk_Alik_Bljk_HHS_BH_UserArgs_MT64x32x16_SN_LDSuFl00AW5RpN9Nmxf20U10hNz5EJRAUhgzHwpN8Xpbbk=',
      'err': 0,
    }),
    dict({
      'basename': 'Cijk_Alik_Bljk_HHS_BH_UserArgs_MT8x64x16_SN_LDSBlJK4Fexjw0rRrtQlLyN0HOBkzaprA7o3922PzFbsNxc=',
      'err': 0,
    }),
  ])
# ---
