# serializer version: 1
# name: test_gfx942_f8n_golden
  list([
    dict({
      'basename': 'Cijk_Ailk_Bljk_F8NHS_BH_Bias_S_HA_S_SAB_SCD_SAV_729DuPqd3fQX45vbGAJtLPzHnT89KeMIbWwA14-iGEc=',
      'err': 0,
    }),
    dict({
      'basename': 'Cijk_Ailk_Bljk_F8NHS_BH_Bias_S_HA_S_SAB_SCD_SAV_DKqKX09o8w273UkUJ4ErrfZRNcdy8hHftqkBMzHyZ7c=',
      'err': 0,
    }),
    dict({
      'basename': 'Cijk_Ailk_Bljk_F8NHS_BH_Bias_S_HA_S_SAB_SCD_SAV_DMO3UlKd4l5MANtrOTjO97uKlAUrgIOE6TfetJvgSXE=',
      'err': 0,
    }),
    dict({
      'basename': 'Cijk_Ailk_Bljk_F8NHS_BH_Bias_S_HA_S_SAB_SCD_SAV_EPsdfffWPkkbNo7oJrqHLvGOCejHyizMMGf1whufybQ=',
      'err': 0,
    }),
    dict({
      'basename': 'Cijk_Ailk_Bljk_F8NHS_BH_Bias_S_HA_S_SAB_SCD_SAV_Hcsox9Ly57YNCddTdXbWslXPkLOZBQRjGErFrO3yxqI=',
      'err': 0,
    }),
    dict({
      'basename': 'Cijk_Ailk_Bljk_F8NHS_BH_Bias_S_HA_S_SAB_SCD_SAV_cj1EXNJfR_GVUCg4CbJBD3KaUCcco0V84kuZwigOXkE=',
      'err': 0,
    }),
    dict({
      'basename': 'Cijk_Ailk_Bljk_F8NHS_BH_Bias_S_HA_S_SAB_SCD_SAV_mNy-dif8fOJMyT8UyBv0MZ9ffb_VxaUHeJstA5TOY2w=',
      'err': 0,
    }),
    dict({
      'basename': 'Cijk_Ailk_Bljk_F8NHS_BH_Bias_S_HA_S_SAB_SCD_SAV_sCaojU4a7MnaGAQDShncPaG1hk-xCTJRrs1nq-pon9Y=',
      'err': 0,
    }),
  ])
# ---
