# serializer version: 1
# name: test_gfx950_hhs_golden
  list([
    dict({
      'basename': 'Cijk_Alik_Bljk_HHS_BH_Bias_A_S_UserArgs_MT64x16x47toi3U3krG93xNLSPOl3FZunggcGIJH4G9UpE6mSZQ=',
      'err': 0,
    }),
    dict({
      'basename': 'Cijk_Alik_Bljk_HHS_BH_Bias_A_S_UserArgs_MT64x16xBuGz-IOiSPSkO43EvdPHCZy-uaKhmAYuiwqFJv0tThk=',
      'err': 0,
    }),
  ])
# ---
