# serializer version: 1
# name: test_r5_shiftvec3_golden
  list([
    dict({
      'basename': 'Cijk_Ailk_Bjlk_BBS_BH_UserArgs_MT128x128x32_MI16eveKJa3LPpDTCCnXZYIuPa9JzzI3o-n2xE-pVWkhNjo=',
      'err': 0,
    }),
    dict({
      'basename': 'Cijk_Ailk_Bjlk_BBS_BH_UserArgs_MT128x128x32_MI16p8WxKl-3AUprDtjLu_w52v3DUre7a8zEXXKVR8ojlE0=',
      'err': 0,
    }),
    dict({
      'basename': 'Cijk_Ailk_Bjlk_BBS_BH_UserArgs_MT256x16x32_MI16xjnsPF0aSpQIzxlv-ghQJMw0GXqRVnyLQgx_Jj2eiquU=',
      'err': 0,
    }),
    dict({
      'basename': 'Cijk_Ailk_Bjlk_BBS_BH_UserArgs_MT256x16x32_MI16xoH-L2oApQuqinsnlz00XO4XTifrOBdJOLkpdIyY0OZM=',
      'err': 0,
    }),
  ])
# ---
