# serializer version: 1
# name: test_gfx1100_emit_digests
  list([
    dict({
      'file': 'DB.yaml',
      'kernels': list([
        dict({
          'basename': 'Cijk_Ailk_Bjlk_D_B_UserArgs_MT16x16x16_SN_LDSB0_q3fwpwWSBfBQn_1RCsNBafSu9mOXjWxG4pp5iWAY2V8=',
          'err': 0,
        }),
        dict({
          'basename': 'Cijk_Ailk_Bjlk_D_B_UserArgs_MT16x16x8_SN_LDSB0_AcRA29MpDMmZWfX4IGyS8qXL0Tr7B_ghVvOwjR2KtzXo=',
          'err': 0,
        }),
        dict({
          'basename': 'Cijk_Ailk_Bjlk_D_B_UserArgs_MT8x8x16_SN_LDSB0_AFnM3UfCzzOoZEL_RmughTxk_1IJAok0YEIU1hI_I78kg=',
          'err': 0,
        }),
        dict({
          'basename': 'Cijk_Ailk_Bjlk_D_B_UserArgs_MT8x8x8_SN_LDSB0_AFCeUpNjM9_nfC6wiHAW8-6fxAB47PbMBn4os4NaZh9Ayw=',
          'err': 0,
        }),
      ]),
    }),
    dict({
      'file': 'HSS.yaml',
      'kernels': list([
        dict({
          'basename': 'Cijk_Alik_Bljk_HSS_BH_Bias_HA_S_SAV_UserArgs_MT3HRNIYcxKt_cwtY72mIYtMNDoZ8q0Dh_pXB1h4pRZ1qg=',
          'err': 0,
        }),
        dict({
          'basename': 'Cijk_Alik_Bljk_HSS_BH_Bias_HA_S_SAV_UserArgs_MT9_rZ_dYmRhJzyB4EBuMq_NO_dQIjB_hiSjvpSA5qEXQw=',
          'err': 0,
        }),
        dict({
          'basename': 'Cijk_Alik_Bljk_HSS_BH_Bias_HA_S_SAV_UserArgs_MT9nkqe6FoUam5KUTUclYtJsnPv89_NmGynV5Dc4IYJ16Q=',
          'err': 0,
        }),
      ]),
    }),
    dict({
      'file': 'SB.yaml',
      'kernels': list([
        dict({
          'basename': 'Cijk_Ailk_Bjlk_S_B_Bias_HA_S_SAV_UserArgs_MT16x18T3p6KQcDOSn1fhQ1AYHmI7pdeFol5O5Hsb9xc27YNs=',
          'err': 0,
        }),
        dict({
          'basename': 'Cijk_Ailk_Bjlk_S_B_Bias_HA_S_SAV_UserArgs_MT16x1kOgL_kb3pXsbrH1Nl1BRcKz7RAlgeRG7QNP3gkuWy1k=',
          'err': 0,
        }),
        dict({
          'basename': 'Cijk_Ailk_Bjlk_S_B_Bias_HA_S_SAV_UserArgs_MT8x8xFG1IqJfQeqxw5DdWqUPA3iIubaUzocm0zjVkKfQEVgU=',
          'err': 0,
        }),
        dict({
          'basename': 'Cijk_Ailk_Bjlk_S_B_Bias_HA_S_SAV_UserArgs_MT8x8xZFgHJZL1oBnT7hPJX4pEC3BnnqBP-Jctt_5KRXaWyL8=',
          'err': 0,
        }),
      ]),
    }),
  ])
# ---
